
> church-management-system@0.1.0 build
> next build

Γû▓ Next.js 16.1.6 (Turbopack)
- Environments: .env

  Creating an optimized production build ...
Γ£ô Compiled successfully in 23.4s
  Running TypeScript ...
node.exe : Failed to compile.
At C:\Program 
Files\nodejs\npm.ps1:29 
char:3
+   & $NODE_EXE $NPM_CLI_JS 
$args
+   
~~~~~~~~~~~~~~~~~~~~~~~~~~~~~
    + CategoryInfo           
   : NotSpecified: (Failed   
  to compile.:String) [],    
 RemoteException
    + FullyQualifiedErrorId  
   : NativeCommandError
 

.next/dev/types/validator.ts:
432:31
Type error: Type 'typeof impo
rt("C:/xampp/htdocs/Church_Ma
nagement_System/Church_Manage
ment_System/app/api/website/b
logs/[slug]/comments/route")'
 does not satisfy the 
constraint 'RouteHandlerConfi
g<"/api/website/blogs/[slug]/
comments">'.
  Types of property 'GET' 
are incompatible.
    Type '(request: Request, 
{ params }: { params: { 
slug: string; }; }) => 
Promise<NextResponse<{ 
success: boolean; data: ({ 
user: { first_name: string; 
last_name: string; 
profile_picture: string | 
null; }; replies: ({ ...; } 
& { ...; })[]; } & { ...; 
})[]; }> | 
NextResponse<...>>' is not 
assignable to type 
'(request: NextRequest, 
context: { params: Promise<{ 
slug: string; }>; }) => void 
| Response | Promise<void | 
Response>'.
      Types of parameters 
'__1' and 'context' are 
incompatible.
        Type '{ params: 
Promise<{ slug: string; }>; 
}' is not assignable to type 
'{ params: { slug: string; 
}; }'.
          Types of property 
'params' are incompatible.
            Property 'slug' 
is missing in type 
'Promise<{ slug: string; }>' 
but required in type '{ 
slug: string; }'.

[0m [90m 430 |[39m   type 
__IsExpected[33m<[39m[33mS
pecific[39m 
[36mextends[39m [33mRouteH
andlerConfig[39m[33m<[39m
[32m"/api/website/blogs/[slug
]/comments"[39m[33m>>[39m 
[33m=[39m 
[33mSpecific[39m
 [90m 431 |[39m   
[36mconst[39m handler 
[33m=[39m {} [36mas[39m 
[36mtypeof[39m [36mimport
[39m([32m"../../../app/api/w
ebsite/blogs/[slug]/comments/
route.js"[39m)
[31m[1m>[22m[39m[90m 
432 |[39m   type __Check 
[33m=[39m __IsExpected[33m
<[39m[36mtypeof[39m 
handler[33m>[39m
 [90m     |[39m            
                   
[31m[1m^[22m[39m
 [90m 433 |[39m   [90m// 
@ts-ignore[39m
 [90m 434 |[39m   type 
__Unused [33m=[39m __Check
 [90m 435 |[39m }[0m
Next.js build worker exited 
with code: 1 and signal: null
