
> church-management-system@0.1.0 build
> next build

Γû▓ Next.js 16.1.6 (Turbopack)
- Environments: .env

  Creating an optimized production build ...
node.exe : 
At C:\Program 
Files\nodejs\npm.ps1:29 
char:3
+   & $NODE_EXE $NPM_CLI_JS 
$args
+   
~~~~~~~~~~~~~~~~~~~~~~~~~~~~~
    + CategoryInfo           
   : NotSpecified: (:String  
  ) [], RemoteException
    + FullyQualifiedErrorId  
   : NativeCommandError
 
> Build error occurred
Error: Turbopack build 
failed with 2 errors:
./app/(website)/contact/page.
tsx:2:1
Module not found: Can't 
resolve '@/components/website
/InnerBanner'
[0m [90m 1 |[39m 
[36mimport[39m 
[33mReact[39m 
[36mfrom[39m 
[32m"react"[39m[33m;[39m
[31m[1m>[22m[39m[90m 2 
|[39m [36mimport[39m 
[33mInnerBanner[39m 
[36mfrom[39m [32m"@/compon
ents/website/InnerBanner"[39
m[33m;[39m
 [90m   |[39m [31m[1m^[2
2m[39m[31m[1m^[22m[39m[
31m[1m^[22m[39m[31m[1m^
[22m[39m[31m[1m^[22m[39m
[31m[1m^[22m[39m[31m[1m
^[22m[39m[31m[1m^[22m[3
9m[31m[1m^[22m[39m[31m[
1m^[22m[39m[31m[1m^[22m
[39m[31m[1m^[22m[39m[31m
[1m^[22m[39m[31m[1m^[22
m[39m[31m[1m^[22m[39m[3
1m[1m^[22m[39m[31m[1m^[
22m[39m[31m[1m^[22m[39m
[31m[1m^[22m[39m[31m[1m^
[22m[39m[31m[1m^[22m[39
m[31m[1m^[22m[39m[31m[1
m^[22m[39m[31m[1m^[22m[
39m[31m[1m^[22m[39m[31m
[1m^[22m[39m[31m[1m^[22m
[39m[31m[1m^[22m[39m[31
m[1m^[22m[39m[31m[1m^[2
2m[39m[31m[1m^[22m[39m[
31m[1m^[22m[39m[31m[1m^
[22m[39m[31m[1m^[22m[39m
[31m[1m^[22m[39m[31m[1m
^[22m[39m[31m[1m^[22m[3
9m[31m[1m^[22m[39m[31m[
1m^[22m[39m[31m[1m^[22m
[39m[31m[1m^[22m[39m[31m
[1m^[22m[39m[31m[1m^[22
m[39m[31m[1m^[22m[39m[3
1m[1m^[22m[39m[31m[1m^[
22m[39m[31m[1m^[22m[39m
[31m[1m^[22m[39m[31m[1m^
[22m[39m[31m[1m^[22m[39
m[31m[1m^[22m[39m[31m[1
m^[22m[39m[31m[1m^[22m[
39m[31m[1m^[22m[39m[31m
[1m^[22m[39m[31m[1m^[22m
[39m[31m[1m^[22m[39m[31
m[1m^[22m[39m[31m[1m^[2
2m[39m
 [90m 3 |[39m 
[36mimport[39m 
[33mContactContent[39m 
[36mfrom[39m [32m"@/compon
ents/website/ContactContent"
[39m[33m;[39m
 [90m 4 |[39m 
[36mimport[39m 
[33mLayout[39m 
[36mfrom[39m [32m"@/compon
ents/website/Layout"[39m[33
m;[39m
 [90m 5 |[39m[0m

Import map: aliased to 
relative './components/websit
e/InnerBanner' inside of 
[project]/


https://nextjs.org/docs/messa
ges/module-not-found


./app/(website)/contact/page.
tsx:4:1
Module not found: Can't 
resolve 
'@/components/website/Layout'
[0m [90m 2 |[39m 
[36mimport[39m 
[33mInnerBanner[39m 
[36mfrom[39m [32m"@/compon
ents/website/InnerBanner"[39
m[33m;[39m
 [90m 3 |[39m 
[36mimport[39m 
[33mContactContent[39m 
[36mfrom[39m [32m"@/compon
ents/website/ContactContent"
[39m[33m;[39m
[31m[1m>[22m[39m[90m 4 
|[39m [36mimport[39m 
[33mLayout[39m 
[36mfrom[39m [32m"@/compon
ents/website/Layout"[39m[33
m;[39m
 [90m   |[39m [31m[1m^[2
2m[39m[31m[1m^[22m[39m[
31m[1m^[22m[39m[31m[1m^
[22m[39m[31m[1m^[22m[39m
[31m[1m^[22m[39m[31m[1m
^[22m[39m[31m[1m^[22m[3
9m[31m[1m^[22m[39m[31m[
1m^[22m[39m[31m[1m^[22m
[39m[31m[1m^[22m[39m[31m
[1m^[22m[39m[31m[1m^[22
m[39m[31m[1m^[22m[39m[3
1m[1m^[22m[39m[31m[1m^[
22m[39m[31m[1m^[22m[39m
[31m[1m^[22m[39m[31m[1m^
[22m[39m[31m[1m^[22m[39
m[31m[1m^[22m[39m[31m[1
m^[22m[39m[31m[1m^[22m[
39m[31m[1m^[22m[39m[31m
[1m^[22m[39m[31m[1m^[22m
[39m[31m[1m^[22m[39m[31
m[1m^[22m[39m[31m[1m^[2
2m[39m[31m[1m^[22m[39m[
31m[1m^[22m[39m[31m[1m^
[22m[39m[31m[1m^[22m[39m
[31m[1m^[22m[39m[31m[1m
^[22m[39m[31m[1m^[22m[3
9m[31m[1m^[22m[39m[31m[
1m^[22m[39m[31m[1m^[22m
[39m[31m[1m^[22m[39m[31m
[1m^[22m[39m[31m[1m^[22
m[39m[31m[1m^[22m[39m[3
1m[1m^[22m[39m[31m[1m^[
22m[39m[31m[1m^[22m[39m
[31m[1m^[22m[39m[31m[1m^
[22m[39m
 [90m 5 |[39m
 [90m 6 |[39m 
[36mconst[39m 
[33mContactPage[39m 
[33m=[39m () [33m=>[39m {
 [90m 7 |[39m     
[36mreturn[39m ([0m

Import map: aliased to 
relative './components/websit
e/Layout' inside of 
[project]/


https://nextjs.org/docs/messa
ges/module-not-found


    at <unknown> (./app/(webs
ite)/contact/page.tsx:2:1)
    at <unknown> (https://nex
tjs.org/docs/messages/module-
not-found)
    at <unknown> (./app/(webs
ite)/contact/page.tsx:4:1)
    at <unknown> (https://nex
tjs.org/docs/messages/module-
not-found)
