
> church-management-system@0.1.0 build
> next build

Γû▓ Next.js 16.1.6 (Turbopack)
- Environments: .env

  Creating an optimized production build ...
Γ£ô Compiled successfully in 15.1s
  Running TypeScript ...
node.exe : Failed to compile.
At C:\Program 
Files\nodejs\npm.ps1:29 
char:3
+   & $NODE_EXE $NPM_CLI_JS 
$args
+   
~~~~~~~~~~~~~~~~~~~~~~~~~~~~~
    + CategoryInfo           
   : NotSpecified: (Failed   
  to compile.:String) [],    
 RemoteException
    + FullyQualifiedErrorId  
   : NativeCommandError
 

./app/login/page.tsx:57:9
Type error: Cannot find name 
'registerPassword'. Did you 
mean 'showRegisterPassword'?

[0m [90m 55 |[39m   
[36mconst[39m 
handleRegister [33m=[39m 
[36masync[39m 
(e[33m:[39m [33mReact[39m
[33m.[39m[33mFormEvent[39
m) [33m=>[39m {
 [90m 56 |[39m     e[33m.
[39mpreventDefault()[33m;[3
9m
[31m[1m>[22m[39m[90m 57 
|[39m     [36mif[39m 
(registerPassword 
[33m!==[39m 
confirmPassword) {
 [90m    |[39m         
[31m[1m^[22m[39m
 [90m 58 |[39m       toast
[33m.[39merror([32m"Passwor
ds do not 
match"[39m)[33m;[39m
 [90m 59 |[39m       
[36mreturn[39m[33m;[39m
 [90m 60 |[39m     }[0m
Next.js build worker exited 
with code: 1 and signal: null
