app/api/admin/[[...slug]]/route.ts(184,151): error TS2322: Type 'string | null' is not assignable to type 'string'.
  Type 'null' is not assignable to type 'string'.
