components/Admin/attendance/AttendanceClient.tsx(10,8): error TS2792: Cannot find module 'lucide-react'. Did you mean to set the 'moduleResolution' option to 'nodenext', or to add aliases to the 'paths' option?
components/Admin/attendance/AttendanceClient.tsx(20,8): error TS2792: Cannot find module '@/app/actions/attendance'. Did you mean to set the 'moduleResolution' option to 'nodenext', or to add aliases to the 'paths' option?
components/Admin/attendance/AttendanceClient.tsx(21,27): error TS2792: Cannot find module 'qrcode.react'. Did you mean to set the 'moduleResolution' option to 'nodenext', or to add aliases to the 'paths' option?
components/Admin/attendance/AttendanceClient.tsx(22,54): error TS2792: Cannot find module '@/lib/qrExport'. Did you mean to set the 'moduleResolution' option to 'nodenext', or to add aliases to the 'paths' option?
components/Admin/attendance/AttendanceClient.tsx(23,45): error TS2792: Cannot find module '@/lib/attendanceReportExport'. Did you mean to set the 'moduleResolution' option to 'nodenext', or to add aliases to the 'paths' option?
components/Admin/attendance/AttendanceClient.tsx(24,41): error TS2792: Cannot find module '@/lib/attendanceExcelExport'. Did you mean to set the 'moduleResolution' option to 'nodenext', or to add aliases to the 'paths' option?
components/Admin/attendance/AttendanceClient.tsx(25,43): error TS2792: Cannot find module 'lucide-react'. Did you mean to set the 'moduleResolution' option to 'nodenext', or to add aliases to the 'paths' option?
components/Admin/attendance/AttendanceClient.tsx(381,9): error TS2339: Property 'div' does not exist on type 'JSX.IntrinsicElements'.
components/Admin/attendance/AttendanceClient.tsx(383,13): error TS2339: Property 'div' does not exist on type 'JSX.IntrinsicElements'.
components/Admin/attendance/AttendanceClient.tsx(384,17): error TS2339: Property 'div' does not exist on type 'JSX.IntrinsicElements'.
components/Admin/attendance/AttendanceClient.tsx(385,21): error TS2339: Property 'h1' does not exist on type 'JSX.IntrinsicElements'.
components/Admin/attendance/AttendanceClient.tsx(385,43): error TS2339: Property 'h1' does not exist on type 'JSX.IntrinsicElements'.
components/Admin/attendance/AttendanceClient.tsx(386,21): error TS2339: Property 'p' does not exist on type 'JSX.IntrinsicElements'.
components/Admin/attendance/AttendanceClient.tsx(386,64): error TS2339: Property 'p' does not exist on type 'JSX.IntrinsicElements'.
components/Admin/attendance/AttendanceClient.tsx(387,17): error TS2339: Property 'div' does not exist on type 'JSX.IntrinsicElements'.
components/Admin/attendance/AttendanceClient.tsx(388,17): error TS2339: Property 'div' does not exist on type 'JSX.IntrinsicElements'.
components/Admin/attendance/AttendanceClient.tsx(389,21): error TS2339: Property 'div' does not exist on type 'JSX.IntrinsicElements'.
components/Admin/attendance/AttendanceClient.tsx(390,25): error TS2339: Property 'input' does not exist on type 'JSX.IntrinsicElements'.
components/Admin/attendance/AttendanceClient.tsx(396,21): error TS2339: Property 'div' does not exist on type 'JSX.IntrinsicElements'.
components/Admin/attendance/AttendanceClient.tsx(397,21): error TS2339: Property 'button' does not exist on type 'JSX.IntrinsicElements'.
components/Admin/attendance/AttendanceClient.tsx(400,21): error TS2339: Property 'button' does not exist on type 'JSX.IntrinsicElements'.
components/Admin/attendance/AttendanceClient.tsx(401,21): error TS2339: Property 'button' does not exist on type 'JSX.IntrinsicElements'.
components/Admin/attendance/AttendanceClient.tsx(404,21): error TS2339: Property 'button' does not exist on type 'JSX.IntrinsicElements'.
components/Admin/attendance/AttendanceClient.tsx(405,17): error TS2339: Property 'div' does not exist on type 'JSX.IntrinsicElements'.
components/Admin/attendance/AttendanceClient.tsx(406,13): error TS2339: Property 'div' does not exist on type 'JSX.IntrinsicElements'.
components/Admin/attendance/AttendanceClient.tsx(409,13): error TS2339: Property 'div' does not exist on type 'JSX.IntrinsicElements'.
components/Admin/attendance/AttendanceClient.tsx(410,17): error TS2339: Property 'div' does not exist on type 'JSX.IntrinsicElements'.
components/Admin/attendance/AttendanceClient.tsx(411,21): error TS2339: Property 'div' does not exist on type 'JSX.IntrinsicElements'.
components/Admin/attendance/AttendanceClient.tsx(412,25): error TS2339: Property 'svg' does not exist on type 'JSX.IntrinsicElements'.
components/Admin/attendance/AttendanceClient.tsx(413,29): error TS2339: Property 'path' does not exist on type 'JSX.IntrinsicElements'.
components/Admin/attendance/AttendanceClient.tsx(414,29): error TS2339: Property 'circle' does not exist on type 'JSX.IntrinsicElements'.
components/Admin/attendance/AttendanceClient.tsx(415,29): error TS2339: Property 'path' does not exist on type 'JSX.IntrinsicElements'.
components/Admin/attendance/AttendanceClient.tsx(416,29): error TS2339: Property 'path' does not exist on type 'JSX.IntrinsicElements'.
components/Admin/attendance/AttendanceClient.tsx(417,25): error TS2339: Property 'svg' does not exist on type 'JSX.IntrinsicElements'.
components/Admin/attendance/AttendanceClient.tsx(418,25): error TS2339: Property 'span' does not exist on type 'JSX.IntrinsicElements'.
components/Admin/attendance/AttendanceClient.tsx(418,61): error TS2339: Property 'span' does not exist on type 'JSX.IntrinsicElements'.
components/Admin/attendance/AttendanceClient.tsx(419,21): error TS2339: Property 'div' does not exist on type 'JSX.IntrinsicElements'.
components/Admin/attendance/AttendanceClient.tsx(420,21): error TS2339: Property 'div' does not exist on type 'JSX.IntrinsicElements'.
components/Admin/attendance/AttendanceClient.tsx(420,67): error TS2339: Property 'div' does not exist on type 'JSX.IntrinsicElements'.
components/Admin/attendance/AttendanceClient.tsx(421,21): error TS2339: Property 'div' does not exist on type 'JSX.IntrinsicElements'.
components/Admin/attendance/AttendanceClient.tsx(421,67): error TS2339: Property 'div' does not exist on type 'JSX.IntrinsicElements'.
components/Admin/attendance/AttendanceClient.tsx(422,17): error TS2339: Property 'div' does not exist on type 'JSX.IntrinsicElements'.
components/Admin/attendance/AttendanceClient.tsx(424,17): error TS2339: Property 'div' does not exist on type 'JSX.IntrinsicElements'.
components/Admin/attendance/AttendanceClient.tsx(425,21): error TS2339: Property 'div' does not exist on type 'JSX.IntrinsicElements'.
components/Admin/attendance/AttendanceClient.tsx(426,25): error TS2339: Property 'svg' does not exist on type 'JSX.IntrinsicElements'.
components/Admin/attendance/AttendanceClient.tsx(427,29): error TS2339: Property 'path' does not exist on type 'JSX.IntrinsicElements'.
components/Admin/attendance/AttendanceClient.tsx(428,29): error TS2339: Property 'polyline' does not exist on type 'JSX.IntrinsicElements'.
components/Admin/attendance/AttendanceClient.tsx(429,25): error TS2339: Property 'svg' does not exist on type 'JSX.IntrinsicElements'.
components/Admin/attendance/AttendanceClient.tsx(430,25): error TS2339: Property 'span' does not exist on type 'JSX.IntrinsicElements'.
components/Admin/attendance/AttendanceClient.tsx(430,67): error TS2339: Property 'span' does not exist on type 'JSX.IntrinsicElements'.
components/Admin/attendance/AttendanceClient.tsx(431,21): error TS2339: Property 'div' does not exist on type 'JSX.IntrinsicElements'.
components/Admin/attendance/AttendanceClient.tsx(432,21): error TS2339: Property 'div' does not exist on type 'JSX.IntrinsicElements'.
components/Admin/attendance/AttendanceClient.tsx(432,69): error TS2339: Property 'div' does not exist on type 'JSX.IntrinsicElements'.
components/Admin/attendance/AttendanceClient.tsx(433,21): error TS2339: Property 'div' does not exist on type 'JSX.IntrinsicElements'.
components/Admin/attendance/AttendanceClient.tsx(433,54): error TS2339: Property 'div' does not exist on type 'JSX.IntrinsicElements'.
components/Admin/attendance/AttendanceClient.tsx(434,17): error TS2339: Property 'div' does not exist on type 'JSX.IntrinsicElements'.
components/Admin/attendance/AttendanceClient.tsx(436,17): error TS2339: Property 'div' does not exist on type 'JSX.IntrinsicElements'.
components/Admin/attendance/AttendanceClient.tsx(437,21): error TS2339: Property 'div' does not exist on type 'JSX.IntrinsicElements'.
components/Admin/attendance/AttendanceClient.tsx(438,25): error TS2339: Property 'svg' does not exist on type 'JSX.IntrinsicElements'.
components/Admin/attendance/AttendanceClient.tsx(439,29): error TS2339: Property 'circle' does not exist on type 'JSX.IntrinsicElements'.
components/Admin/attendance/AttendanceClient.tsx(440,29): error TS2339: Property 'line' does not exist on type 'JSX.IntrinsicElements'.
components/Admin/attendance/AttendanceClient.tsx(441,29): error TS2339: Property 'line' does not exist on type 'JSX.IntrinsicElements'.
components/Admin/attendance/AttendanceClient.tsx(442,25): error TS2339: Property 'svg' does not exist on type 'JSX.IntrinsicElements'.
components/Admin/attendance/AttendanceClient.tsx(443,25): error TS2339: Property 'span' does not exist on type 'JSX.IntrinsicElements'.
components/Admin/attendance/AttendanceClient.tsx(443,60): error TS2339: Property 'span' does not exist on type 'JSX.IntrinsicElements'.
components/Admin/attendance/AttendanceClient.tsx(444,21): error TS2339: Property 'div' does not exist on type 'JSX.IntrinsicElements'.
components/Admin/attendance/AttendanceClient.tsx(445,21): error TS2339: Property 'div' does not exist on type 'JSX.IntrinsicElements'.
components/Admin/attendance/AttendanceClient.tsx(445,66): error TS2339: Property 'div' does not exist on type 'JSX.IntrinsicElements'.
components/Admin/attendance/AttendanceClient.tsx(446,21): error TS2339: Property 'div' does not exist on type 'JSX.IntrinsicElements'.
components/Admin/attendance/AttendanceClient.tsx(446,54): error TS2339: Property 'div' does not exist on type 'JSX.IntrinsicElements'.
components/Admin/attendance/AttendanceClient.tsx(447,17): error TS2339: Property 'div' does not exist on type 'JSX.IntrinsicElements'.
components/Admin/attendance/AttendanceClient.tsx(449,17): error TS2339: Property 'div' does not exist on type 'JSX.IntrinsicElements'.
components/Admin/attendance/AttendanceClient.tsx(450,21): error TS2339: Property 'div' does not exist on type 'JSX.IntrinsicElements'.
components/Admin/attendance/AttendanceClient.tsx(451,25): error TS2339: Property 'svg' does not exist on type 'JSX.IntrinsicElements'.
components/Admin/attendance/AttendanceClient.tsx(452,29): error TS2339: Property 'path' does not exist on type 'JSX.IntrinsicElements'.
components/Admin/attendance/AttendanceClient.tsx(453,29): error TS2339: Property 'circle' does not exist on type 'JSX.IntrinsicElements'.
components/Admin/attendance/AttendanceClient.tsx(454,29): error TS2339: Property 'path' does not exist on type 'JSX.IntrinsicElements'.
components/Admin/attendance/AttendanceClient.tsx(455,29): error TS2339: Property 'path' does not exist on type 'JSX.IntrinsicElements'.
components/Admin/attendance/AttendanceClient.tsx(456,25): error TS2339: Property 'svg' does not exist on type 'JSX.IntrinsicElements'.
components/Admin/attendance/AttendanceClient.tsx(457,25): error TS2339: Property 'span' does not exist on type 'JSX.IntrinsicElements'.
components/Admin/attendance/AttendanceClient.tsx(457,62): error TS2339: Property 'span' does not exist on type 'JSX.IntrinsicElements'.
components/Admin/attendance/AttendanceClient.tsx(458,21): error TS2339: Property 'div' does not exist on type 'JSX.IntrinsicElements'.
components/Admin/attendance/AttendanceClient.tsx(459,21): error TS2339: Property 'div' does not exist on type 'JSX.IntrinsicElements'.
components/Admin/attendance/AttendanceClient.tsx(459,68): error TS2339: Property 'div' does not exist on type 'JSX.IntrinsicElements'.
components/Admin/attendance/AttendanceClient.tsx(460,21): error TS2339: Property 'div' does not exist on type 'JSX.IntrinsicElements'.
components/Admin/attendance/AttendanceClient.tsx(460,65): error TS2339: Property 'div' does not exist on type 'JSX.IntrinsicElements'.
components/Admin/attendance/AttendanceClient.tsx(461,17): error TS2339: Property 'div' does not exist on type 'JSX.IntrinsicElements'.
components/Admin/attendance/AttendanceClient.tsx(463,17): error TS2339: Property 'div' does not exist on type 'JSX.IntrinsicElements'.
components/Admin/attendance/AttendanceClient.tsx(464,21): error TS2339: Property 'div' does not exist on type 'JSX.IntrinsicElements'.
components/Admin/attendance/AttendanceClient.tsx(465,25): error TS2339: Property 'svg' does not exist on type 'JSX.IntrinsicElements'.
components/Admin/attendance/AttendanceClient.tsx(466,29): error TS2339: Property 'circle' does not exist on type 'JSX.IntrinsicElements'.
components/Admin/attendance/AttendanceClient.tsx(467,29): error TS2339: Property 'polyline' does not exist on type 'JSX.IntrinsicElements'.
components/Admin/attendance/AttendanceClient.tsx(468,25): error TS2339: Property 'svg' does not exist on type 'JSX.IntrinsicElements'.
components/Admin/attendance/AttendanceClient.tsx(469,25): error TS2339: Property 'span' does not exist on type 'JSX.IntrinsicElements'.
components/Admin/attendance/AttendanceClient.tsx(469,65): error TS2339: Property 'span' does not exist on type 'JSX.IntrinsicElements'.
components/Admin/attendance/AttendanceClient.tsx(470,21): error TS2339: Property 'div' does not exist on type 'JSX.IntrinsicElements'.
components/Admin/attendance/AttendanceClient.tsx(471,21): error TS2339: Property 'div' does not exist on type 'JSX.IntrinsicElements'.
components/Admin/attendance/AttendanceClient.tsx(471,65): error TS2339: Property 'div' does not exist on type 'JSX.IntrinsicElements'.
components/Admin/attendance/AttendanceClient.tsx(472,21): error TS2339: Property 'div' does not exist on type 'JSX.IntrinsicElements'.
components/Admin/attendance/AttendanceClient.tsx(472,66): error TS2339: Property 'div' does not exist on type 'JSX.IntrinsicElements'.
components/Admin/attendance/AttendanceClient.tsx(473,17): error TS2339: Property 'div' does not exist on type 'JSX.IntrinsicElements'.
components/Admin/attendance/AttendanceClient.tsx(475,17): error TS2339: Property 'div' does not exist on type 'JSX.IntrinsicElements'.
components/Admin/attendance/AttendanceClient.tsx(476,21): error TS2339: Property 'div' does not exist on type 'JSX.IntrinsicElements'.
components/Admin/attendance/AttendanceClient.tsx(477,25): error TS2339: Property 'svg' does not exist on type 'JSX.IntrinsicElements'.
components/Admin/attendance/AttendanceClient.tsx(478,29): error TS2339: Property 'circle' does not exist on type 'JSX.IntrinsicElements'.
components/Admin/attendance/AttendanceClient.tsx(479,29): error TS2339: Property 'path' does not exist on type 'JSX.IntrinsicElements'.
components/Admin/attendance/AttendanceClient.tsx(480,29): error TS2339: Property 'path' does not exist on type 'JSX.IntrinsicElements'.
components/Admin/attendance/AttendanceClient.tsx(481,25): error TS2339: Property 'svg' does not exist on type 'JSX.IntrinsicElements'.
components/Admin/attendance/AttendanceClient.tsx(482,25): error TS2339: Property 'span' does not exist on type 'JSX.IntrinsicElements'.
components/Admin/attendance/AttendanceClient.tsx(482,59): error TS2339: Property 'span' does not exist on type 'JSX.IntrinsicElements'.
components/Admin/attendance/AttendanceClient.tsx(483,21): error TS2339: Property 'div' does not exist on type 'JSX.IntrinsicElements'.
components/Admin/attendance/AttendanceClient.tsx(484,21): error TS2339: Property 'div' does not exist on type 'JSX.IntrinsicElements'.
components/Admin/attendance/AttendanceClient.tsx(484,65): error TS2339: Property 'div' does not exist on type 'JSX.IntrinsicElements'.
components/Admin/attendance/AttendanceClient.tsx(485,21): error TS2339: Property 'div' does not exist on type 'JSX.IntrinsicElements'.
components/Admin/attendance/AttendanceClient.tsx(485,62): error TS2339: Property 'div' does not exist on type 'JSX.IntrinsicElements'.
components/Admin/attendance/AttendanceClient.tsx(486,17): error TS2339: Property 'div' does not exist on type 'JSX.IntrinsicElements'.
components/Admin/attendance/AttendanceClient.tsx(488,17): error TS2339: Property 'div' does not exist on type 'JSX.IntrinsicElements'.
components/Admin/attendance/AttendanceClient.tsx(489,21): error TS2339: Property 'div' does not exist on type 'JSX.IntrinsicElements'.
components/Admin/attendance/AttendanceClient.tsx(490,25): error TS2339: Property 'svg' does not exist on type 'JSX.IntrinsicElements'.
components/Admin/attendance/AttendanceClient.tsx(491,29): error TS2339: Property 'circle' does not exist on type 'JSX.IntrinsicElements'.
components/Admin/attendance/AttendanceClient.tsx(492,29): error TS2339: Property 'path' does not exist on type 'JSX.IntrinsicElements'.
components/Admin/attendance/AttendanceClient.tsx(493,29): error TS2339: Property 'circle' does not exist on type 'JSX.IntrinsicElements'.
components/Admin/attendance/AttendanceClient.tsx(494,25): error TS2339: Property 'svg' does not exist on type 'JSX.IntrinsicElements'.
components/Admin/attendance/AttendanceClient.tsx(495,25): error TS2339: Property 'span' does not exist on type 'JSX.IntrinsicElements'.
components/Admin/attendance/AttendanceClient.tsx(495,61): error TS2339: Property 'span' does not exist on type 'JSX.IntrinsicElements'.
components/Admin/attendance/AttendanceClient.tsx(496,21): error TS2339: Property 'div' does not exist on type 'JSX.IntrinsicElements'.
components/Admin/attendance/AttendanceClient.tsx(497,21): error TS2339: Property 'div' does not exist on type 'JSX.IntrinsicElements'.
components/Admin/attendance/AttendanceClient.tsx(497,67): error TS2339: Property 'div' does not exist on type 'JSX.IntrinsicElements'.
components/Admin/attendance/AttendanceClient.tsx(498,21): error TS2339: Property 'div' does not exist on type 'JSX.IntrinsicElements'.
components/Admin/attendance/AttendanceClient.tsx(498,62): error TS2339: Property 'div' does not exist on type 'JSX.IntrinsicElements'.
components/Admin/attendance/AttendanceClient.tsx(499,17): error TS2339: Property 'div' does not exist on type 'JSX.IntrinsicElements'.
components/Admin/attendance/AttendanceClient.tsx(501,17): error TS2339: Property 'div' does not exist on type 'JSX.IntrinsicElements'.
components/Admin/attendance/AttendanceClient.tsx(502,21): error TS2339: Property 'div' does not exist on type 'JSX.IntrinsicElements'.
components/Admin/attendance/AttendanceClient.tsx(503,25): error TS2339: Property 'svg' does not exist on type 'JSX.IntrinsicElements'.
components/Admin/attendance/AttendanceClient.tsx(504,29): error TS2339: Property 'path' does not exist on type 'JSX.IntrinsicElements'.
components/Admin/attendance/AttendanceClient.tsx(505,25): error TS2339: Property 'svg' does not exist on type 'JSX.IntrinsicElements'.
components/Admin/attendance/AttendanceClient.tsx(506,25): error TS2339: Property 'span' does not exist on type 'JSX.IntrinsicElements'.
components/Admin/attendance/AttendanceClient.tsx(506,62): error TS2339: Property 'span' does not exist on type 'JSX.IntrinsicElements'.
components/Admin/attendance/AttendanceClient.tsx(507,21): error TS2339: Property 'div' does not exist on type 'JSX.IntrinsicElements'.
components/Admin/attendance/AttendanceClient.tsx(508,21): error TS2339: Property 'div' does not exist on type 'JSX.IntrinsicElements'.
components/Admin/attendance/AttendanceClient.tsx(508,68): error TS2339: Property 'div' does not exist on type 'JSX.IntrinsicElements'.
components/Admin/attendance/AttendanceClient.tsx(509,21): error TS2339: Property 'div' does not exist on type 'JSX.IntrinsicElements'.
components/Admin/attendance/AttendanceClient.tsx(509,62): error TS2339: Property 'div' does not exist on type 'JSX.IntrinsicElements'.
components/Admin/attendance/AttendanceClient.tsx(510,17): error TS2339: Property 'div' does not exist on type 'JSX.IntrinsicElements'.
components/Admin/attendance/AttendanceClient.tsx(511,13): error TS2339: Property 'div' does not exist on type 'JSX.IntrinsicElements'.
components/Admin/attendance/AttendanceClient.tsx(514,13): error TS2339: Property 'nav' does not exist on type 'JSX.IntrinsicElements'.
components/Admin/attendance/AttendanceClient.tsx(515,17): error TS2339: Property 'button' does not exist on type 'JSX.IntrinsicElements'.
components/Admin/attendance/AttendanceClient.tsx(520,17): error TS2339: Property 'button' does not exist on type 'JSX.IntrinsicElements'.
components/Admin/attendance/AttendanceClient.tsx(521,17): error TS2339: Property 'button' does not exist on type 'JSX.IntrinsicElements'.
components/Admin/attendance/AttendanceClient.tsx(526,17): error TS2339: Property 'button' does not exist on type 'JSX.IntrinsicElements'.
components/Admin/attendance/AttendanceClient.tsx(527,17): error TS2339: Property 'button' does not exist on type 'JSX.IntrinsicElements'.
components/Admin/attendance/AttendanceClient.tsx(532,17): error TS2339: Property 'button' does not exist on type 'JSX.IntrinsicElements'.
components/Admin/attendance/AttendanceClient.tsx(533,17): error TS2339: Property 'button' does not exist on type 'JSX.IntrinsicElements'.
components/Admin/attendance/AttendanceClient.tsx(538,17): error TS2339: Property 'button' does not exist on type 'JSX.IntrinsicElements'.
components/Admin/attendance/AttendanceClient.tsx(539,13): error TS2339: Property 'nav' does not exist on type 'JSX.IntrinsicElements'.
components/Admin/attendance/AttendanceClient.tsx(542,13): error TS2339: Property 'div' does not exist on type 'JSX.IntrinsicElements'.
components/Admin/attendance/AttendanceClient.tsx(545,21): error TS2339: Property 'div' does not exist on type 'JSX.IntrinsicElements'.
components/Admin/attendance/AttendanceClient.tsx(546,25): error TS2339: Property 'div' does not exist on type 'JSX.IntrinsicElements'.
components/Admin/attendance/AttendanceClient.tsx(547,29): error TS2339: Property 'div' does not exist on type 'JSX.IntrinsicElements'.
components/Admin/attendance/AttendanceClient.tsx(548,33): error TS2339: Property 'div' does not exist on type 'JSX.IntrinsicElements'.
components/Admin/attendance/AttendanceClient.tsx(549,37): error TS2339: Property 'h2' does not exist on type 'JSX.IntrinsicElements'.
components/Admin/attendance/AttendanceClient.tsx(549,58): error TS2339: Property 'h2' does not exist on type 'JSX.IntrinsicElements'.
components/Admin/attendance/AttendanceClient.tsx(550,37): error TS2339: Property 'p' does not exist on type 'JSX.IntrinsicElements'.
components/Admin/attendance/AttendanceClient.tsx(550,81): error TS2339: Property 'p' does not exist on type 'JSX.IntrinsicElements'.
components/Admin/attendance/AttendanceClient.tsx(551,33): error TS2339: Property 'div' does not exist on type 'JSX.IntrinsicElements'.
components/Admin/attendance/AttendanceClient.tsx(553,33): error TS2339: Property 'div' does not exist on type 'JSX.IntrinsicElements'.
components/Admin/attendance/AttendanceClient.tsx(554,37): error TS2339: Property 'label' does not exist on type 'JSX.IntrinsicElements'.
components/Admin/attendance/AttendanceClient.tsx(554,56): error TS2339: Property 'label' does not exist on type 'JSX.IntrinsicElements'.
components/Admin/attendance/AttendanceClient.tsx(555,37): error TS2339: Property 'select' does not exist on type 'JSX.IntrinsicElements'.
components/Admin/attendance/AttendanceClient.tsx(559,41): error TS2339: Property 'option' does not exist on type 'JSX.IntrinsicElements'.
components/Admin/attendance/AttendanceClient.tsx(559,94): error TS2339: Property 'option' does not exist on type 'JSX.IntrinsicElements'.
components/Admin/attendance/AttendanceClient.tsx(560,41): error TS2339: Property 'option' does not exist on type 'JSX.IntrinsicElements'.
components/Admin/attendance/AttendanceClient.tsx(560,94): error TS2339: Property 'option' does not exist on type 'JSX.IntrinsicElements'.
components/Admin/attendance/AttendanceClient.tsx(561,41): error TS2339: Property 'option' does not exist on type 'JSX.IntrinsicElements'.
components/Admin/attendance/AttendanceClient.tsx(561,80): error TS2339: Property 'option' does not exist on type 'JSX.IntrinsicElements'.
components/Admin/attendance/AttendanceClient.tsx(562,41): error TS2339: Property 'option' does not exist on type 'JSX.IntrinsicElements'.
components/Admin/attendance/AttendanceClient.tsx(562,77): error TS2339: Property 'option' does not exist on type 'JSX.IntrinsicElements'.
components/Admin/attendance/AttendanceClient.tsx(563,37): error TS2339: Property 'select' does not exist on type 'JSX.IntrinsicElements'.
components/Admin/attendance/AttendanceClient.tsx(565,41): error TS2339: Property 'input' does not exist on type 'JSX.IntrinsicElements'.
components/Admin/attendance/AttendanceClient.tsx(575,37): error TS2339: Property 'div' does not exist on type 'JSX.IntrinsicElements'.
components/Admin/attendance/AttendanceClient.tsx(576,41): error TS2339: Property 'label' does not exist on type 'JSX.IntrinsicElements'.
components/Admin/attendance/AttendanceClient.tsx(578,41): error TS2339: Property 'label' does not exist on type 'JSX.IntrinsicElements'.
components/Admin/attendance/AttendanceClient.tsx(579,41): error TS2339: Property 'input' does not exist on type 'JSX.IntrinsicElements'.
components/Admin/attendance/AttendanceClient.tsx(587,41): error TS2339: Property 'p' does not exist on type 'JSX.IntrinsicElements'.
components/Admin/attendance/AttendanceClient.tsx(589,41): error TS2339: Property 'p' does not exist on type 'JSX.IntrinsicElements'.
components/Admin/attendance/AttendanceClient.tsx(590,37): error TS2339: Property 'div' does not exist on type 'JSX.IntrinsicElements'.
components/Admin/attendance/AttendanceClient.tsx(591,33): error TS2339: Property 'div' does not exist on type 'JSX.IntrinsicElements'.
components/Admin/attendance/AttendanceClient.tsx(593,33): error TS2339: Property 'div' does not exist on type 'JSX.IntrinsicElements'.
components/Admin/attendance/AttendanceClient.tsx(601,33): error TS2339: Property 'div' does not exist on type 'JSX.IntrinsicElements'.
components/Admin/attendance/AttendanceClient.tsx(603,33): error TS2339: Property 'div' does not exist on type 'JSX.IntrinsicElements'.
components/Admin/attendance/AttendanceClient.tsx(604,37): error TS2339: Property 'h3' does not exist on type 'JSX.IntrinsicElements'.
components/Admin/attendance/AttendanceClient.tsx(604,58): error TS2339: Property 'h3' does not exist on type 'JSX.IntrinsicElements'.
components/Admin/attendance/AttendanceClient.tsx(605,37): error TS2339: Property 'p' does not exist on type 'JSX.IntrinsicElements'.
components/Admin/attendance/AttendanceClient.tsx(605,65): error TS2339: Property 'p' does not exist on type 'JSX.IntrinsicElements'.
components/Admin/attendance/AttendanceClient.tsx(606,37): error TS2339: Property 'p' does not exist on type 'JSX.IntrinsicElements'.
components/Admin/attendance/AttendanceClient.tsx(606,72): error TS2339: Property 'p' does not exist on type 'JSX.IntrinsicElements'.
components/Admin/attendance/AttendanceClient.tsx(607,37): error TS2339: Property 'p' does not exist on type 'JSX.IntrinsicElements'.
components/Admin/attendance/AttendanceClient.tsx(607,89): error TS2339: Property 'p' does not exist on type 'JSX.IntrinsicElements'.
components/Admin/attendance/AttendanceClient.tsx(608,37): error TS2339: Property 'p' does not exist on type 'JSX.IntrinsicElements'.
components/Admin/attendance/AttendanceClient.tsx(608,67): error TS2339: Property 'p' does not exist on type 'JSX.IntrinsicElements'.
components/Admin/attendance/AttendanceClient.tsx(609,37): error TS2339: Property 'p' does not exist on type 'JSX.IntrinsicElements'.
components/Admin/attendance/AttendanceClient.tsx(609,82): error TS2339: Property 'p' does not exist on type 'JSX.IntrinsicElements'.
components/Admin/attendance/AttendanceClient.tsx(610,37): error TS2339: Property 'p' does not exist on type 'JSX.IntrinsicElements'.
components/Admin/attendance/AttendanceClient.tsx(610,78): error TS2339: Property 'p' does not exist on type 'JSX.IntrinsicElements'.
components/Admin/attendance/AttendanceClient.tsx(611,33): error TS2339: Property 'div' does not exist on type 'JSX.IntrinsicElements'.
components/Admin/attendance/AttendanceClient.tsx(613,33): error TS2339: Property 'div' does not exist on type 'JSX.IntrinsicElements'.
components/Admin/attendance/AttendanceClient.tsx(614,37): error TS2339: Property 'button' does not exist on type 'JSX.IntrinsicElements'.
components/Admin/attendance/AttendanceClient.tsx(621,37): error TS2339: Property 'button' does not exist on type 'JSX.IntrinsicElements'.
components/Admin/attendance/AttendanceClient.tsx(622,33): error TS2339: Property 'div' does not exist on type 'JSX.IntrinsicElements'.
components/Admin/attendance/AttendanceClient.tsx(624,33): error TS2339: Property 'div' does not exist on type 'JSX.IntrinsicElements'.
components/Admin/attendance/AttendanceClient.tsx(625,37): error TS2339: Property 'button' does not exist on type 'JSX.IntrinsicElements'.
components/Admin/attendance/AttendanceClient.tsx(628,37): error TS2339: Property 'button' does not exist on type 'JSX.IntrinsicElements'.
components/Admin/attendance/AttendanceClient.tsx(629,37): error TS2339: Property 'button' does not exist on type 'JSX.IntrinsicElements'.
components/Admin/attendance/AttendanceClient.tsx(632,37): error TS2339: Property 'button' does not exist on type 'JSX.IntrinsicElements'.
components/Admin/attendance/AttendanceClient.tsx(633,33): error TS2339: Property 'div' does not exist on type 'JSX.IntrinsicElements'.
components/Admin/attendance/AttendanceClient.tsx(634,29): error TS2339: Property 'div' does not exist on type 'JSX.IntrinsicElements'.
components/Admin/attendance/AttendanceClient.tsx(636,29): error TS2339: Property 'div' does not exist on type 'JSX.IntrinsicElements'.
components/Admin/attendance/AttendanceClient.tsx(637,33): error TS2339: Property 'div' does not exist on type 'JSX.IntrinsicElements'.
components/Admin/attendance/AttendanceClient.tsx(638,37): error TS2339: Property 'h3' does not exist on type 'JSX.IntrinsicElements'.
components/Admin/attendance/AttendanceClient.tsx(641,37): error TS2339: Property 'h3' does not exist on type 'JSX.IntrinsicElements'.
components/Admin/attendance/AttendanceClient.tsx(642,37): error TS2339: Property 'div' does not exist on type 'JSX.IntrinsicElements'.
components/Admin/attendance/AttendanceClient.tsx(642,70): error TS2339: Property 'div' does not exist on type 'JSX.IntrinsicElements'.
components/Admin/attendance/AttendanceClient.tsx(643,33): error TS2339: Property 'div' does not exist on type 'JSX.IntrinsicElements'.
components/Admin/attendance/AttendanceClient.tsx(645,33): error TS2339: Property 'div' does not exist on type 'JSX.IntrinsicElements'.
components/Admin/attendance/AttendanceClient.tsx(646,37): error TS2339: Property 'table' does not exist on type 'JSX.IntrinsicElements'.
components/Admin/attendance/AttendanceClient.tsx(647,41): error TS2339: Property 'thead' does not exist on type 'JSX.IntrinsicElements'.
components/Admin/attendance/AttendanceClient.tsx(648,45): error TS2339: Property 'tr' does not exist on type 'JSX.IntrinsicElements'.
components/Admin/attendance/AttendanceClient.tsx(649,49): error TS2339: Property 'th' does not exist on type 'JSX.IntrinsicElements'.
components/Admin/attendance/AttendanceClient.tsx(649,57): error TS2339: Property 'th' does not exist on type 'JSX.IntrinsicElements'.
components/Admin/attendance/AttendanceClient.tsx(650,49): error TS2339: Property 'th' does not exist on type 'JSX.IntrinsicElements'.
components/Admin/attendance/AttendanceClient.tsx(650,66): error TS2339: Property 'th' does not exist on type 'JSX.IntrinsicElements'.
components/Admin/attendance/AttendanceClient.tsx(651,49): error TS2339: Property 'th' does not exist on type 'JSX.IntrinsicElements'.
components/Admin/attendance/AttendanceClient.tsx(651,65): error TS2339: Property 'th' does not exist on type 'JSX.IntrinsicElements'.
components/Admin/attendance/AttendanceClient.tsx(652,49): error TS2339: Property 'th' does not exist on type 'JSX.IntrinsicElements'.
components/Admin/attendance/AttendanceClient.tsx(652,59): error TS2339: Property 'th' does not exist on type 'JSX.IntrinsicElements'.
components/Admin/attendance/AttendanceClient.tsx(653,45): error TS2339: Property 'tr' does not exist on type 'JSX.IntrinsicElements'.
components/Admin/attendance/AttendanceClient.tsx(654,41): error TS2339: Property 'thead' does not exist on type 'JSX.IntrinsicElements'.
components/Admin/attendance/AttendanceClient.tsx(655,41): error TS2339: Property 'tbody' does not exist on type 'JSX.IntrinsicElements'.
components/Admin/attendance/AttendanceClient.tsx(657,49): error TS2339: Property 'tr' does not exist on type 'JSX.IntrinsicElements'.
components/Admin/attendance/AttendanceClient.tsx(658,53): error TS2339: Property 'td' does not exist on type 'JSX.IntrinsicElements'.
components/Admin/attendance/AttendanceClient.tsx(659,57): error TS2339: Property 'div' does not exist on type 'JSX.IntrinsicElements'.
components/Admin/attendance/AttendanceClient.tsx(662,65): error TS2339: Property 'img' does not exist on type 'JSX.IntrinsicElements'.
components/Admin/attendance/AttendanceClient.tsx(669,65): error TS2339: Property 'div' does not exist on type 'JSX.IntrinsicElements'.
components/Admin/attendance/AttendanceClient.tsx(671,65): error TS2339: Property 'div' does not exist on type 'JSX.IntrinsicElements'.
components/Admin/attendance/AttendanceClient.tsx(673,61): error TS2339: Property 'div' does not exist on type 'JSX.IntrinsicElements'.
components/Admin/attendance/AttendanceClient.tsx(674,65): error TS2339: Property 'span' does not exist on type 'JSX.IntrinsicElements'.
components/Admin/attendance/AttendanceClient.tsx(674,106): error TS2339: Property 'span' does not exist on type 'JSX.IntrinsicElements'.
components/Admin/attendance/AttendanceClient.tsx(675,65): error TS2339: Property 'span' does not exist on type 'JSX.IntrinsicElements'.
components/Admin/attendance/AttendanceClient.tsx(675,121): error TS2339: Property 'span' does not exist on type 'JSX.IntrinsicElements'.
components/Admin/attendance/AttendanceClient.tsx(676,61): error TS2339: Property 'div' does not exist on type 'JSX.IntrinsicElements'.
components/Admin/attendance/AttendanceClient.tsx(677,57): error TS2339: Property 'div' does not exist on type 'JSX.IntrinsicElements'.
components/Admin/attendance/AttendanceClient.tsx(678,53): error TS2339: Property 'td' does not exist on type 'JSX.IntrinsicElements'.
components/Admin/attendance/AttendanceClient.tsx(679,53): error TS2339: Property 'td' does not exist on type 'JSX.IntrinsicElements'.
components/Admin/attendance/AttendanceClient.tsx(679,57): error TS2339: Property 'span' does not exist on type 'JSX.IntrinsicElements'.
components/Admin/attendance/AttendanceClient.tsx(679,104): error TS2339: Property 'span' does not exist on type 'JSX.IntrinsicElements'.
components/Admin/attendance/AttendanceClient.tsx(679,111): error TS2339: Property 'td' does not exist on type 'JSX.IntrinsicElements'.
components/Admin/attendance/AttendanceClient.tsx(680,53): error TS2339: Property 'td' does not exist on type 'JSX.IntrinsicElements'.
components/Admin/attendance/AttendanceClient.tsx(680,57): error TS2339: Property 'span' does not exist on type 'JSX.IntrinsicElements'.
components/Admin/attendance/AttendanceClient.tsx(680,107): error TS2339: Property 'span' does not exist on type 'JSX.IntrinsicElements'.
components/Admin/attendance/AttendanceClient.tsx(680,114): error TS2339: Property 'td' does not exist on type 'JSX.IntrinsicElements'.
components/Admin/attendance/AttendanceClient.tsx(681,53): error TS2339: Property 'td' does not exist on type 'JSX.IntrinsicElements'.
components/Admin/attendance/AttendanceClient.tsx(682,57): error TS2339: Property 'button' does not exist on type 'JSX.IntrinsicElements'.
components/Admin/attendance/AttendanceClient.tsx(687,57): error TS2339: Property 'button' does not exist on type 'JSX.IntrinsicElements'.
components/Admin/attendance/AttendanceClient.tsx(688,53): error TS2339: Property 'td' does not exist on type 'JSX.IntrinsicElements'.
components/Admin/attendance/AttendanceClient.tsx(689,49): error TS2339: Property 'tr' does not exist on type 'JSX.IntrinsicElements'.
components/Admin/attendance/AttendanceClient.tsx(692,49): error TS2339: Property 'tr' does not exist on type 'JSX.IntrinsicElements'.
components/Admin/attendance/AttendanceClient.tsx(693,53): error TS2339: Property 'td' does not exist on type 'JSX.IntrinsicElements'.
components/Admin/attendance/AttendanceClient.tsx(695,53): error TS2339: Property 'td' does not exist on type 'JSX.IntrinsicElements'.
components/Admin/attendance/AttendanceClient.tsx(696,49): error TS2339: Property 'tr' does not exist on type 'JSX.IntrinsicElements'.
components/Admin/attendance/AttendanceClient.tsx(698,41): error TS2339: Property 'tbody' does not exist on type 'JSX.IntrinsicElements'.
components/Admin/attendance/AttendanceClient.tsx(699,37): error TS2339: Property 'table' does not exist on type 'JSX.IntrinsicElements'.
components/Admin/attendance/AttendanceClient.tsx(700,33): error TS2339: Property 'div' does not exist on type 'JSX.IntrinsicElements'.
components/Admin/attendance/AttendanceClient.tsx(701,29): error TS2339: Property 'div' does not exist on type 'JSX.IntrinsicElements'.
components/Admin/attendance/AttendanceClient.tsx(703,25): error TS2339: Property 'div' does not exist on type 'JSX.IntrinsicElements'.
components/Admin/attendance/AttendanceClient.tsx(704,21): error TS2339: Property 'div' does not exist on type 'JSX.IntrinsicElements'.
components/Admin/attendance/AttendanceClient.tsx(709,21): error TS2339: Property 'div' does not exist on type 'JSX.IntrinsicElements'.
components/Admin/attendance/AttendanceClient.tsx(710,25): error TS2339: Property 'div' does not exist on type 'JSX.IntrinsicElements'.
components/Admin/attendance/AttendanceClient.tsx(711,29): error TS2339: Property 'div' does not exist on type 'JSX.IntrinsicElements'.
components/Admin/attendance/AttendanceClient.tsx(712,33): error TS2339: Property 'h2' does not exist on type 'JSX.IntrinsicElements'.
components/Admin/attendance/AttendanceClient.tsx(712,52): error TS2339: Property 'h2' does not exist on type 'JSX.IntrinsicElements'.
components/Admin/attendance/AttendanceClient.tsx(713,33): error TS2339: Property 'p' does not exist on type 'JSX.IntrinsicElements'.
components/Admin/attendance/AttendanceClient.tsx(713,78): error TS2339: Property 'p' does not exist on type 'JSX.IntrinsicElements'.
components/Admin/attendance/AttendanceClient.tsx(714,29): error TS2339: Property 'div' does not exist on type 'JSX.IntrinsicElements'.
components/Admin/attendance/AttendanceClient.tsx(715,29): error TS2339: Property 'div' does not exist on type 'JSX.IntrinsicElements'.
components/Admin/attendance/AttendanceClient.tsx(716,33): error TS2339: Property 'input' does not exist on type 'JSX.IntrinsicElements'.
components/Admin/attendance/AttendanceClient.tsx(723,33): error TS2339: Property 'select' does not exist on type 'JSX.IntrinsicElements'.
components/Admin/attendance/AttendanceClient.tsx(728,37): error TS2339: Property 'option' does not exist on type 'JSX.IntrinsicElements'.
components/Admin/attendance/AttendanceClient.tsx(728,64): error TS2339: Property 'option' does not exist on type 'JSX.IntrinsicElements'.
components/Admin/attendance/AttendanceClient.tsx(729,37): error TS2339: Property 'option' does not exist on type 'JSX.IntrinsicElements'.
components/Admin/attendance/AttendanceClient.tsx(729,68): error TS2339: Property 'option' does not exist on type 'JSX.IntrinsicElements'.
components/Admin/attendance/AttendanceClient.tsx(730,37): error TS2339: Property 'option' does not exist on type 'JSX.IntrinsicElements'.
components/Admin/attendance/AttendanceClient.tsx(730,62): error TS2339: Property 'option' does not exist on type 'JSX.IntrinsicElements'.
components/Admin/attendance/AttendanceClient.tsx(731,33): error TS2339: Property 'select' does not exist on type 'JSX.IntrinsicElements'.
components/Admin/attendance/AttendanceClient.tsx(732,33): error TS2339: Property 'select' does not exist on type 'JSX.IntrinsicElements'.
components/Admin/attendance/AttendanceClient.tsx(737,37): error TS2339: Property 'option' does not exist on type 'JSX.IntrinsicElements'.
components/Admin/attendance/AttendanceClient.tsx(737,68): error TS2339: Property 'option' does not exist on type 'JSX.IntrinsicElements'.
components/Admin/attendance/AttendanceClient.tsx(738,37): error TS2339: Property 'option' does not exist on type 'JSX.IntrinsicElements'.
components/Admin/attendance/AttendanceClient.tsx(738,68): error TS2339: Property 'option' does not exist on type 'JSX.IntrinsicElements'.
components/Admin/attendance/AttendanceClient.tsx(739,37): error TS2339: Property 'option' does not exist on type 'JSX.IntrinsicElements'.
components/Admin/attendance/AttendanceClient.tsx(739,64): error TS2339: Property 'option' does not exist on type 'JSX.IntrinsicElements'.
components/Admin/attendance/AttendanceClient.tsx(740,37): error TS2339: Property 'option' does not exist on type 'JSX.IntrinsicElements'.
components/Admin/attendance/AttendanceClient.tsx(740,64): error TS2339: Property 'option' does not exist on type 'JSX.IntrinsicElements'.
components/Admin/attendance/AttendanceClient.tsx(741,37): error TS2339: Property 'option' does not exist on type 'JSX.IntrinsicElements'.
components/Admin/attendance/AttendanceClient.tsx(741,70): error TS2339: Property 'option' does not exist on type 'JSX.IntrinsicElements'.
components/Admin/attendance/AttendanceClient.tsx(742,33): error TS2339: Property 'select' does not exist on type 'JSX.IntrinsicElements'.
components/Admin/attendance/AttendanceClient.tsx(743,29): error TS2339: Property 'div' does not exist on type 'JSX.IntrinsicElements'.
components/Admin/attendance/AttendanceClient.tsx(744,25): error TS2339: Property 'div' does not exist on type 'JSX.IntrinsicElements'.
components/Admin/attendance/AttendanceClient.tsx(746,25): error TS2339: Property 'div' does not exist on type 'JSX.IntrinsicElements'.
components/Admin/attendance/AttendanceClient.tsx(747,29): error TS2339: Property 'table' does not exist on type 'JSX.IntrinsicElements'.
components/Admin/attendance/AttendanceClient.tsx(748,33): error TS2339: Property 'thead' does not exist on type 'JSX.IntrinsicElements'.
components/Admin/attendance/AttendanceClient.tsx(749,37): error TS2339: Property 'tr' does not exist on type 'JSX.IntrinsicElements'.
components/Admin/attendance/AttendanceClient.tsx(750,41): error TS2339: Property 'th' does not exist on type 'JSX.IntrinsicElements'.
components/Admin/attendance/AttendanceClient.tsx(750,49): error TS2339: Property 'th' does not exist on type 'JSX.IntrinsicElements'.
components/Admin/attendance/AttendanceClient.tsx(751,41): error TS2339: Property 'th' does not exist on type 'JSX.IntrinsicElements'.
components/Admin/attendance/AttendanceClient.tsx(751,57): error TS2339: Property 'th' does not exist on type 'JSX.IntrinsicElements'.
components/Admin/attendance/AttendanceClient.tsx(752,41): error TS2339: Property 'th' does not exist on type 'JSX.IntrinsicElements'.
components/Admin/attendance/AttendanceClient.tsx(752,58): error TS2339: Property 'th' does not exist on type 'JSX.IntrinsicElements'.
components/Admin/attendance/AttendanceClient.tsx(753,41): error TS2339: Property 'th' does not exist on type 'JSX.IntrinsicElements'.
components/Admin/attendance/AttendanceClient.tsx(753,51): error TS2339: Property 'th' does not exist on type 'JSX.IntrinsicElements'.
components/Admin/attendance/AttendanceClient.tsx(754,41): error TS2339: Property 'th' does not exist on type 'JSX.IntrinsicElements'.
components/Admin/attendance/AttendanceClient.tsx(754,53): error TS2339: Property 'th' does not exist on type 'JSX.IntrinsicElements'.
components/Admin/attendance/AttendanceClient.tsx(755,37): error TS2339: Property 'tr' does not exist on type 'JSX.IntrinsicElements'.
components/Admin/attendance/AttendanceClient.tsx(756,33): error TS2339: Property 'thead' does not exist on type 'JSX.IntrinsicElements'.
components/Admin/attendance/AttendanceClient.tsx(757,33): error TS2339: Property 'tbody' does not exist on type 'JSX.IntrinsicElements'.
components/Admin/attendance/AttendanceClient.tsx(759,41): error TS2339: Property 'tr' does not exist on type 'JSX.IntrinsicElements'.
components/Admin/attendance/AttendanceClient.tsx(760,45): error TS2339: Property 'td' does not exist on type 'JSX.IntrinsicElements'.
components/Admin/attendance/AttendanceClient.tsx(760,128): error TS2339: Property 'td' does not exist on type 'JSX.IntrinsicElements'.
components/Admin/attendance/AttendanceClient.tsx(761,41): error TS2339: Property 'tr' does not exist on type 'JSX.IntrinsicElements'.
components/Admin/attendance/AttendanceClient.tsx(763,41): error TS2339: Property 'tr' does not exist on type 'JSX.IntrinsicElements'.
components/Admin/attendance/AttendanceClient.tsx(764,45): error TS2339: Property 'td' does not exist on type 'JSX.IntrinsicElements'.
components/Admin/attendance/AttendanceClient.tsx(764,126): error TS2339: Property 'td' does not exist on type 'JSX.IntrinsicElements'.
components/Admin/attendance/AttendanceClient.tsx(765,41): error TS2339: Property 'tr' does not exist on type 'JSX.IntrinsicElements'.
components/Admin/attendance/AttendanceClient.tsx(768,45): error TS2339: Property 'tr' does not exist on type 'JSX.IntrinsicElements'.
components/Admin/attendance/AttendanceClient.tsx(769,49): error TS2339: Property 'td' does not exist on type 'JSX.IntrinsicElements'.
components/Admin/attendance/AttendanceClient.tsx(770,53): error TS2339: Property 'div' does not exist on type 'JSX.IntrinsicElements'.
components/Admin/attendance/AttendanceClient.tsx(773,61): error TS2339: Property 'img' does not exist on type 'JSX.IntrinsicElements'.
components/Admin/attendance/AttendanceClient.tsx(780,61): error TS2339: Property 'div' does not exist on type 'JSX.IntrinsicElements'.
components/Admin/attendance/AttendanceClient.tsx(782,61): error TS2339: Property 'div' does not exist on type 'JSX.IntrinsicElements'.
components/Admin/attendance/AttendanceClient.tsx(784,57): error TS2339: Property 'div' does not exist on type 'JSX.IntrinsicElements'.
components/Admin/attendance/AttendanceClient.tsx(785,61): error TS2339: Property 'span' does not exist on type 'JSX.IntrinsicElements'.
components/Admin/attendance/AttendanceClient.tsx(785,102): error TS2339: Property 'span' does not exist on type 'JSX.IntrinsicElements'.
components/Admin/attendance/AttendanceClient.tsx(786,61): error TS2339: Property 'span' does not exist on type 'JSX.IntrinsicElements'.
components/Admin/attendance/AttendanceClient.tsx(786,117): error TS2339: Property 'span' does not exist on type 'JSX.IntrinsicElements'.
components/Admin/attendance/AttendanceClient.tsx(787,57): error TS2339: Property 'div' does not exist on type 'JSX.IntrinsicElements'.
components/Admin/attendance/AttendanceClient.tsx(788,53): error TS2339: Property 'div' does not exist on type 'JSX.IntrinsicElements'.
components/Admin/attendance/AttendanceClient.tsx(789,49): error TS2339: Property 'td' does not exist on type 'JSX.IntrinsicElements'.
components/Admin/attendance/AttendanceClient.tsx(790,49): error TS2339: Property 'td' does not exist on type 'JSX.IntrinsicElements'.
components/Admin/attendance/AttendanceClient.tsx(790,53): error TS2339: Property 'span' does not exist on type 'JSX.IntrinsicElements'.
components/Admin/attendance/AttendanceClient.tsx(790,103): error TS2339: Property 'span' does not exist on type 'JSX.IntrinsicElements'.
components/Admin/attendance/AttendanceClient.tsx(790,110): error TS2339: Property 'td' does not exist on type 'JSX.IntrinsicElements'.
components/Admin/attendance/AttendanceClient.tsx(791,49): error TS2339: Property 'td' does not exist on type 'JSX.IntrinsicElements'.
components/Admin/attendance/AttendanceClient.tsx(791,53): error TS2339: Property 'span' does not exist on type 'JSX.IntrinsicElements'.
components/Admin/attendance/AttendanceClient.tsx(791,100): error TS2339: Property 'span' does not exist on type 'JSX.IntrinsicElements'.
components/Admin/attendance/AttendanceClient.tsx(791,107): error TS2339: Property 'td' does not exist on type 'JSX.IntrinsicElements'.
components/Admin/attendance/AttendanceClient.tsx(792,49): error TS2339: Property 'td' does not exist on type 'JSX.IntrinsicElements'.
components/Admin/attendance/AttendanceClient.tsx(793,53): error TS2339: Property 'span' does not exist on type 'JSX.IntrinsicElements'.
components/Admin/attendance/AttendanceClient.tsx(795,53): error TS2339: Property 'span' does not exist on type 'JSX.IntrinsicElements'.
components/Admin/attendance/AttendanceClient.tsx(796,49): error TS2339: Property 'td' does not exist on type 'JSX.IntrinsicElements'.
components/Admin/attendance/AttendanceClient.tsx(797,49): error TS2339: Property 'td' does not exist on type 'JSX.IntrinsicElements'.
components/Admin/attendance/AttendanceClient.tsx(797,53): error TS2339: Property 'span' does not exist on type 'JSX.IntrinsicElements'.
components/Admin/attendance/AttendanceClient.tsx(797,114): error TS2339: Property 'span' does not exist on type 'JSX.IntrinsicElements'.
components/Admin/attendance/AttendanceClient.tsx(797,121): error TS2339: Property 'td' does not exist on type 'JSX.IntrinsicElements'.
components/Admin/attendance/AttendanceClient.tsx(798,45): error TS2339: Property 'tr' does not exist on type 'JSX.IntrinsicElements'.
components/Admin/attendance/AttendanceClient.tsx(801,33): error TS2339: Property 'tbody' does not exist on type 'JSX.IntrinsicElements'.
components/Admin/attendance/AttendanceClient.tsx(802,29): error TS2339: Property 'table' does not exist on type 'JSX.IntrinsicElements'.
components/Admin/attendance/AttendanceClient.tsx(803,25): error TS2339: Property 'div' does not exist on type 'JSX.IntrinsicElements'.
components/Admin/attendance/AttendanceClient.tsx(807,29): error TS2339: Property 'div' does not exist on type 'JSX.IntrinsicElements'.
components/Admin/attendance/AttendanceClient.tsx(808,33): error TS2339: Property 'button' does not exist on type 'JSX.IntrinsicElements'.
components/Admin/attendance/AttendanceClient.tsx(813,33): error TS2339: Property 'button' does not exist on type 'JSX.IntrinsicElements'.
components/Admin/attendance/AttendanceClient.tsx(815,37): error TS2339: Property 'button' does not exist on type 'JSX.IntrinsicElements'.
components/Admin/attendance/AttendanceClient.tsx(821,37): error TS2339: Property 'button' does not exist on type 'JSX.IntrinsicElements'.
components/Admin/attendance/AttendanceClient.tsx(823,33): error TS2339: Property 'button' does not exist on type 'JSX.IntrinsicElements'.
components/Admin/attendance/AttendanceClient.tsx(828,33): error TS2339: Property 'button' does not exist on type 'JSX.IntrinsicElements'.
components/Admin/attendance/AttendanceClient.tsx(829,29): error TS2339: Property 'div' does not exist on type 'JSX.IntrinsicElements'.
components/Admin/attendance/AttendanceClient.tsx(831,21): error TS2339: Property 'div' does not exist on type 'JSX.IntrinsicElements'.
components/Admin/attendance/AttendanceClient.tsx(836,21): error TS2339: Property 'div' does not exist on type 'JSX.IntrinsicElements'.
components/Admin/attendance/AttendanceClient.tsx(837,25): error TS2339: Property 'div' does not exist on type 'JSX.IntrinsicElements'.
components/Admin/attendance/AttendanceClient.tsx(838,29): error TS2339: Property 'div' does not exist on type 'JSX.IntrinsicElements'.
components/Admin/attendance/AttendanceClient.tsx(839,33): error TS2339: Property 'h2' does not exist on type 'JSX.IntrinsicElements'.
components/Admin/attendance/AttendanceClient.tsx(839,45): error TS2339: Property 'h2' does not exist on type 'JSX.IntrinsicElements'.
components/Admin/attendance/AttendanceClient.tsx(840,33): error TS2339: Property 'p' does not exist on type 'JSX.IntrinsicElements'.
components/Admin/attendance/AttendanceClient.tsx(840,80): error TS2339: Property 'p' does not exist on type 'JSX.IntrinsicElements'.
components/Admin/attendance/AttendanceClient.tsx(841,29): error TS2339: Property 'div' does not exist on type 'JSX.IntrinsicElements'.
components/Admin/attendance/AttendanceClient.tsx(842,29): error TS2339: Property 'div' does not exist on type 'JSX.IntrinsicElements'.
components/Admin/attendance/AttendanceClient.tsx(843,33): error TS2339: Property 'input' does not exist on type 'JSX.IntrinsicElements'.
components/Admin/attendance/AttendanceClient.tsx(850,33): error TS2339: Property 'button' does not exist on type 'JSX.IntrinsicElements'.
components/Admin/attendance/AttendanceClient.tsx(853,33): error TS2339: Property 'button' does not exist on type 'JSX.IntrinsicElements'.
components/Admin/attendance/AttendanceClient.tsx(854,29): error TS2339: Property 'div' does not exist on type 'JSX.IntrinsicElements'.
components/Admin/attendance/AttendanceClient.tsx(855,25): error TS2339: Property 'div' does not exist on type 'JSX.IntrinsicElements'.
components/Admin/attendance/AttendanceClient.tsx(857,25): error TS2339: Property 'div' does not exist on type 'JSX.IntrinsicElements'.
components/Admin/attendance/AttendanceClient.tsx(858,29): error TS2339: Property 'table' does not exist on type 'JSX.IntrinsicElements'.
components/Admin/attendance/AttendanceClient.tsx(859,33): error TS2339: Property 'thead' does not exist on type 'JSX.IntrinsicElements'.
components/Admin/attendance/AttendanceClient.tsx(860,37): error TS2339: Property 'tr' does not exist on type 'JSX.IntrinsicElements'.
components/Admin/attendance/AttendanceClient.tsx(861,41): error TS2339: Property 'th' does not exist on type 'JSX.IntrinsicElements'.
components/Admin/attendance/AttendanceClient.tsx(861,49): error TS2339: Property 'th' does not exist on type 'JSX.IntrinsicElements'.
components/Admin/attendance/AttendanceClient.tsx(862,41): error TS2339: Property 'th' does not exist on type 'JSX.IntrinsicElements'.
components/Admin/attendance/AttendanceClient.tsx(862,57): error TS2339: Property 'th' does not exist on type 'JSX.IntrinsicElements'.
components/Admin/attendance/AttendanceClient.tsx(863,41): error TS2339: Property 'th' does not exist on type 'JSX.IntrinsicElements'.
components/Admin/attendance/AttendanceClient.tsx(863,58): error TS2339: Property 'th' does not exist on type 'JSX.IntrinsicElements'.
components/Admin/attendance/AttendanceClient.tsx(864,41): error TS2339: Property 'th' does not exist on type 'JSX.IntrinsicElements'.
components/Admin/attendance/AttendanceClient.tsx(864,58): error TS2339: Property 'th' does not exist on type 'JSX.IntrinsicElements'.
components/Admin/attendance/AttendanceClient.tsx(865,41): error TS2339: Property 'th' does not exist on type 'JSX.IntrinsicElements'.
components/Admin/attendance/AttendanceClient.tsx(865,51): error TS2339: Property 'th' does not exist on type 'JSX.IntrinsicElements'.
components/Admin/attendance/AttendanceClient.tsx(866,41): error TS2339: Property 'th' does not exist on type 'JSX.IntrinsicElements'.
components/Admin/attendance/AttendanceClient.tsx(866,52): error TS2339: Property 'th' does not exist on type 'JSX.IntrinsicElements'.
components/Admin/attendance/AttendanceClient.tsx(867,37): error TS2339: Property 'tr' does not exist on type 'JSX.IntrinsicElements'.
components/Admin/attendance/AttendanceClient.tsx(868,33): error TS2339: Property 'thead' does not exist on type 'JSX.IntrinsicElements'.
components/Admin/attendance/AttendanceClient.tsx(869,33): error TS2339: Property 'tbody' does not exist on type 'JSX.IntrinsicElements'.
components/Admin/attendance/AttendanceClient.tsx(871,41): error TS2339: Property 'tr' does not exist on type 'JSX.IntrinsicElements'.
components/Admin/attendance/AttendanceClient.tsx(872,45): error TS2339: Property 'td' does not exist on type 'JSX.IntrinsicElements'.
components/Admin/attendance/AttendanceClient.tsx(872,129): error TS2339: Property 'td' does not exist on type 'JSX.IntrinsicElements'.
components/Admin/attendance/AttendanceClient.tsx(873,41): error TS2339: Property 'tr' does not exist on type 'JSX.IntrinsicElements'.
components/Admin/attendance/AttendanceClient.tsx(875,41): error TS2339: Property 'tr' does not exist on type 'JSX.IntrinsicElements'.
components/Admin/attendance/AttendanceClient.tsx(876,45): error TS2339: Property 'td' does not exist on type 'JSX.IntrinsicElements'.
components/Admin/attendance/AttendanceClient.tsx(876,134): error TS2339: Property 'td' does not exist on type 'JSX.IntrinsicElements'.
components/Admin/attendance/AttendanceClient.tsx(877,41): error TS2339: Property 'tr' does not exist on type 'JSX.IntrinsicElements'.
components/Admin/attendance/AttendanceClient.tsx(880,45): error TS2339: Property 'tr' does not exist on type 'JSX.IntrinsicElements'.
components/Admin/attendance/AttendanceClient.tsx(881,49): error TS2339: Property 'td' does not exist on type 'JSX.IntrinsicElements'.
components/Admin/attendance/AttendanceClient.tsx(882,53): error TS2339: Property 'div' does not exist on type 'JSX.IntrinsicElements'.
components/Admin/attendance/AttendanceClient.tsx(883,57): error TS2339: Property 'div' does not exist on type 'JSX.IntrinsicElements'.
components/Admin/attendance/AttendanceClient.tsx(885,57): error TS2339: Property 'div' does not exist on type 'JSX.IntrinsicElements'.
components/Admin/attendance/AttendanceClient.tsx(886,57): error TS2339: Property 'div' does not exist on type 'JSX.IntrinsicElements'.
components/Admin/attendance/AttendanceClient.tsx(887,61): error TS2339: Property 'span' does not exist on type 'JSX.IntrinsicElements'.
components/Admin/attendance/AttendanceClient.tsx(887,102): error TS2339: Property 'span' does not exist on type 'JSX.IntrinsicElements'.
components/Admin/attendance/AttendanceClient.tsx(888,61): error TS2339: Property 'span' does not exist on type 'JSX.IntrinsicElements'.
components/Admin/attendance/AttendanceClient.tsx(888,98): error TS2339: Property 'span' does not exist on type 'JSX.IntrinsicElements'.
components/Admin/attendance/AttendanceClient.tsx(889,57): error TS2339: Property 'div' does not exist on type 'JSX.IntrinsicElements'.
components/Admin/attendance/AttendanceClient.tsx(890,53): error TS2339: Property 'div' does not exist on type 'JSX.IntrinsicElements'.
components/Admin/attendance/AttendanceClient.tsx(891,49): error TS2339: Property 'td' does not exist on type 'JSX.IntrinsicElements'.
components/Admin/attendance/AttendanceClient.tsx(892,49): error TS2339: Property 'td' does not exist on type 'JSX.IntrinsicElements'.
components/Admin/attendance/AttendanceClient.tsx(892,53): error TS2339: Property 'span' does not exist on type 'JSX.IntrinsicElements'.
components/Admin/attendance/AttendanceClient.tsx(892,103): error TS2339: Property 'span' does not exist on type 'JSX.IntrinsicElements'.
components/Admin/attendance/AttendanceClient.tsx(892,110): error TS2339: Property 'td' does not exist on type 'JSX.IntrinsicElements'.
components/Admin/attendance/AttendanceClient.tsx(893,49): error TS2339: Property 'td' does not exist on type 'JSX.IntrinsicElements'.
components/Admin/attendance/AttendanceClient.tsx(893,53): error TS2339: Property 'span' does not exist on type 'JSX.IntrinsicElements'.
components/Admin/attendance/AttendanceClient.tsx(893,103): error TS2339: Property 'span' does not exist on type 'JSX.IntrinsicElements'.
components/Admin/attendance/AttendanceClient.tsx(893,110): error TS2339: Property 'td' does not exist on type 'JSX.IntrinsicElements'.
components/Admin/attendance/AttendanceClient.tsx(894,49): error TS2339: Property 'td' does not exist on type 'JSX.IntrinsicElements'.
components/Admin/attendance/AttendanceClient.tsx(894,53): error TS2339: Property 'span' does not exist on type 'JSX.IntrinsicElements'.
components/Admin/attendance/AttendanceClient.tsx(894,100): error TS2339: Property 'span' does not exist on type 'JSX.IntrinsicElements'.
components/Admin/attendance/AttendanceClient.tsx(894,107): error TS2339: Property 'td' does not exist on type 'JSX.IntrinsicElements'.
components/Admin/attendance/AttendanceClient.tsx(895,49): error TS2339: Property 'td' does not exist on type 'JSX.IntrinsicElements'.
components/Admin/attendance/AttendanceClient.tsx(895,53): error TS2339: Property 'span' does not exist on type 'JSX.IntrinsicElements'.
components/Admin/attendance/AttendanceClient.tsx(895,106): error TS2339: Property 'span' does not exist on type 'JSX.IntrinsicElements'.
components/Admin/attendance/AttendanceClient.tsx(895,113): error TS2339: Property 'td' does not exist on type 'JSX.IntrinsicElements'.
components/Admin/attendance/AttendanceClient.tsx(896,49): error TS2339: Property 'td' does not exist on type 'JSX.IntrinsicElements'.
components/Admin/attendance/AttendanceClient.tsx(896,53): error TS2339: Property 'span' does not exist on type 'JSX.IntrinsicElements'.
components/Admin/attendance/AttendanceClient.tsx(896,117): error TS2339: Property 'span' does not exist on type 'JSX.IntrinsicElements'.
components/Admin/attendance/AttendanceClient.tsx(896,124): error TS2339: Property 'td' does not exist on type 'JSX.IntrinsicElements'.
components/Admin/attendance/AttendanceClient.tsx(897,45): error TS2339: Property 'tr' does not exist on type 'JSX.IntrinsicElements'.
components/Admin/attendance/AttendanceClient.tsx(900,33): error TS2339: Property 'tbody' does not exist on type 'JSX.IntrinsicElements'.
components/Admin/attendance/AttendanceClient.tsx(901,29): error TS2339: Property 'table' does not exist on type 'JSX.IntrinsicElements'.
components/Admin/attendance/AttendanceClient.tsx(902,25): error TS2339: Property 'div' does not exist on type 'JSX.IntrinsicElements'.
components/Admin/attendance/AttendanceClient.tsx(906,29): error TS2339: Property 'div' does not exist on type 'JSX.IntrinsicElements'.
components/Admin/attendance/AttendanceClient.tsx(907,33): error TS2339: Property 'button' does not exist on type 'JSX.IntrinsicElements'.
components/Admin/attendance/AttendanceClient.tsx(912,33): error TS2339: Property 'button' does not exist on type 'JSX.IntrinsicElements'.
components/Admin/attendance/AttendanceClient.tsx(914,37): error TS2339: Property 'button' does not exist on type 'JSX.IntrinsicElements'.
components/Admin/attendance/AttendanceClient.tsx(920,37): error TS2339: Property 'button' does not exist on type 'JSX.IntrinsicElements'.
components/Admin/attendance/AttendanceClient.tsx(922,33): error TS2339: Property 'button' does not exist on type 'JSX.IntrinsicElements'.
components/Admin/attendance/AttendanceClient.tsx(927,33): error TS2339: Property 'button' does not exist on type 'JSX.IntrinsicElements'.
components/Admin/attendance/AttendanceClient.tsx(928,29): error TS2339: Property 'div' does not exist on type 'JSX.IntrinsicElements'.
components/Admin/attendance/AttendanceClient.tsx(930,21): error TS2339: Property 'div' does not exist on type 'JSX.IntrinsicElements'.
components/Admin/attendance/AttendanceClient.tsx(935,21): error TS2339: Property 'div' does not exist on type 'JSX.IntrinsicElements'.
components/Admin/attendance/AttendanceClient.tsx(936,25): error TS2339: Property 'div' does not exist on type 'JSX.IntrinsicElements'.
components/Admin/attendance/AttendanceClient.tsx(937,29): error TS2339: Property 'div' does not exist on type 'JSX.IntrinsicElements'.
components/Admin/attendance/AttendanceClient.tsx(938,33): error TS2339: Property 'h2' does not exist on type 'JSX.IntrinsicElements'.
components/Admin/attendance/AttendanceClient.tsx(938,51): error TS2339: Property 'h2' does not exist on type 'JSX.IntrinsicElements'.
components/Admin/attendance/AttendanceClient.tsx(939,33): error TS2339: Property 'p' does not exist on type 'JSX.IntrinsicElements'.
components/Admin/attendance/AttendanceClient.tsx(939,80): error TS2339: Property 'p' does not exist on type 'JSX.IntrinsicElements'.
components/Admin/attendance/AttendanceClient.tsx(940,29): error TS2339: Property 'div' does not exist on type 'JSX.IntrinsicElements'.
components/Admin/attendance/AttendanceClient.tsx(941,29): error TS2339: Property 'div' does not exist on type 'JSX.IntrinsicElements'.
components/Admin/attendance/AttendanceClient.tsx(942,33): error TS2339: Property 'input' does not exist on type 'JSX.IntrinsicElements'.
components/Admin/attendance/AttendanceClient.tsx(949,29): error TS2339: Property 'div' does not exist on type 'JSX.IntrinsicElements'.
components/Admin/attendance/AttendanceClient.tsx(950,25): error TS2339: Property 'div' does not exist on type 'JSX.IntrinsicElements'.
components/Admin/attendance/AttendanceClient.tsx(952,25): error TS2339: Property 'div' does not exist on type 'JSX.IntrinsicElements'.
components/Admin/attendance/AttendanceClient.tsx(953,29): error TS2339: Property 'table' does not exist on type 'JSX.IntrinsicElements'.
components/Admin/attendance/AttendanceClient.tsx(954,33): error TS2339: Property 'thead' does not exist on type 'JSX.IntrinsicElements'.
components/Admin/attendance/AttendanceClient.tsx(955,37): error TS2339: Property 'tr' does not exist on type 'JSX.IntrinsicElements'.
components/Admin/attendance/AttendanceClient.tsx(956,41): error TS2339: Property 'th' does not exist on type 'JSX.IntrinsicElements'.
components/Admin/attendance/AttendanceClient.tsx(956,49): error TS2339: Property 'th' does not exist on type 'JSX.IntrinsicElements'.
components/Admin/attendance/AttendanceClient.tsx(957,41): error TS2339: Property 'th' does not exist on type 'JSX.IntrinsicElements'.
components/Admin/attendance/AttendanceClient.tsx(957,58): error TS2339: Property 'th' does not exist on type 'JSX.IntrinsicElements'.
components/Admin/attendance/AttendanceClient.tsx(958,41): error TS2339: Property 'th' does not exist on type 'JSX.IntrinsicElements'.
components/Admin/attendance/AttendanceClient.tsx(958,57): error TS2339: Property 'th' does not exist on type 'JSX.IntrinsicElements'.
components/Admin/attendance/AttendanceClient.tsx(959,41): error TS2339: Property 'th' does not exist on type 'JSX.IntrinsicElements'.
components/Admin/attendance/AttendanceClient.tsx(959,51): error TS2339: Property 'th' does not exist on type 'JSX.IntrinsicElements'.
components/Admin/attendance/AttendanceClient.tsx(960,41): error TS2339: Property 'th' does not exist on type 'JSX.IntrinsicElements'.
components/Admin/attendance/AttendanceClient.tsx(960,53): error TS2339: Property 'th' does not exist on type 'JSX.IntrinsicElements'.
components/Admin/attendance/AttendanceClient.tsx(961,37): error TS2339: Property 'tr' does not exist on type 'JSX.IntrinsicElements'.
components/Admin/attendance/AttendanceClient.tsx(962,33): error TS2339: Property 'thead' does not exist on type 'JSX.IntrinsicElements'.
components/Admin/attendance/AttendanceClient.tsx(963,33): error TS2339: Property 'tbody' does not exist on type 'JSX.IntrinsicElements'.
components/Admin/attendance/AttendanceClient.tsx(965,41): error TS2339: Property 'tr' does not exist on type 'JSX.IntrinsicElements'.
components/Admin/attendance/AttendanceClient.tsx(966,45): error TS2339: Property 'td' does not exist on type 'JSX.IntrinsicElements'.
components/Admin/attendance/AttendanceClient.tsx(966,132): error TS2339: Property 'td' does not exist on type 'JSX.IntrinsicElements'.
components/Admin/attendance/AttendanceClient.tsx(967,41): error TS2339: Property 'tr' does not exist on type 'JSX.IntrinsicElements'.
components/Admin/attendance/AttendanceClient.tsx(969,41): error TS2339: Property 'tr' does not exist on type 'JSX.IntrinsicElements'.
components/Admin/attendance/AttendanceClient.tsx(970,45): error TS2339: Property 'td' does not exist on type 'JSX.IntrinsicElements'.
components/Admin/attendance/AttendanceClient.tsx(970,130): error TS2339: Property 'td' does not exist on type 'JSX.IntrinsicElements'.
components/Admin/attendance/AttendanceClient.tsx(971,41): error TS2339: Property 'tr' does not exist on type 'JSX.IntrinsicElements'.
components/Admin/attendance/AttendanceClient.tsx(974,45): error TS2339: Property 'tr' does not exist on type 'JSX.IntrinsicElements'.
components/Admin/attendance/AttendanceClient.tsx(975,49): error TS2339: Property 'td' does not exist on type 'JSX.IntrinsicElements'.
components/Admin/attendance/AttendanceClient.tsx(976,53): error TS2339: Property 'div' does not exist on type 'JSX.IntrinsicElements'.
components/Admin/attendance/AttendanceClient.tsx(979,61): error TS2339: Property 'img' does not exist on type 'JSX.IntrinsicElements'.
components/Admin/attendance/AttendanceClient.tsx(986,61): error TS2339: Property 'div' does not exist on type 'JSX.IntrinsicElements'.
components/Admin/attendance/AttendanceClient.tsx(988,61): error TS2339: Property 'div' does not exist on type 'JSX.IntrinsicElements'.
components/Admin/attendance/AttendanceClient.tsx(990,57): error TS2339: Property 'div' does not exist on type 'JSX.IntrinsicElements'.
components/Admin/attendance/AttendanceClient.tsx(991,61): error TS2339: Property 'span' does not exist on type 'JSX.IntrinsicElements'.
components/Admin/attendance/AttendanceClient.tsx(991,102): error TS2339: Property 'span' does not exist on type 'JSX.IntrinsicElements'.
components/Admin/attendance/AttendanceClient.tsx(992,61): error TS2339: Property 'span' does not exist on type 'JSX.IntrinsicElements'.
components/Admin/attendance/AttendanceClient.tsx(992,119): error TS2339: Property 'span' does not exist on type 'JSX.IntrinsicElements'.
components/Admin/attendance/AttendanceClient.tsx(993,57): error TS2339: Property 'div' does not exist on type 'JSX.IntrinsicElements'.
components/Admin/attendance/AttendanceClient.tsx(994,53): error TS2339: Property 'div' does not exist on type 'JSX.IntrinsicElements'.
components/Admin/attendance/AttendanceClient.tsx(995,49): error TS2339: Property 'td' does not exist on type 'JSX.IntrinsicElements'.
components/Admin/attendance/AttendanceClient.tsx(996,49): error TS2339: Property 'td' does not exist on type 'JSX.IntrinsicElements'.
components/Admin/attendance/AttendanceClient.tsx(996,53): error TS2339: Property 'span' does not exist on type 'JSX.IntrinsicElements'.
components/Admin/attendance/AttendanceClient.tsx(996,103): error TS2339: Property 'span' does not exist on type 'JSX.IntrinsicElements'.
components/Admin/attendance/AttendanceClient.tsx(996,110): error TS2339: Property 'td' does not exist on type 'JSX.IntrinsicElements'.
components/Admin/attendance/AttendanceClient.tsx(997,49): error TS2339: Property 'td' does not exist on type 'JSX.IntrinsicElements'.
components/Admin/attendance/AttendanceClient.tsx(997,53): error TS2339: Property 'span' does not exist on type 'JSX.IntrinsicElements'.
components/Admin/attendance/AttendanceClient.tsx(997,103): error TS2339: Property 'span' does not exist on type 'JSX.IntrinsicElements'.
components/Admin/attendance/AttendanceClient.tsx(997,110): error TS2339: Property 'td' does not exist on type 'JSX.IntrinsicElements'.
components/Admin/attendance/AttendanceClient.tsx(998,49): error TS2339: Property 'td' does not exist on type 'JSX.IntrinsicElements'.
components/Admin/attendance/AttendanceClient.tsx(999,53): error TS2339: Property 'span' does not exist on type 'JSX.IntrinsicElements'.
components/Admin/attendance/AttendanceClient.tsx(1001,53): error TS2339: Property 'span' does not exist on type 'JSX.IntrinsicElements'.
components/Admin/attendance/AttendanceClient.tsx(1002,49): error TS2339: Property 'td' does not exist on type 'JSX.IntrinsicElements'.
components/Admin/attendance/AttendanceClient.tsx(1003,49): error TS2339: Property 'td' does not exist on type 'JSX.IntrinsicElements'.
components/Admin/attendance/AttendanceClient.tsx(1003,53): error TS2339: Property 'span' does not exist on type 'JSX.IntrinsicElements'.
components/Admin/attendance/AttendanceClient.tsx(1003,114): error TS2339: Property 'span' does not exist on type 'JSX.IntrinsicElements'.
components/Admin/attendance/AttendanceClient.tsx(1003,121): error TS2339: Property 'td' does not exist on type 'JSX.IntrinsicElements'.
components/Admin/attendance/AttendanceClient.tsx(1004,45): error TS2339: Property 'tr' does not exist on type 'JSX.IntrinsicElements'.
components/Admin/attendance/AttendanceClient.tsx(1007,33): error TS2339: Property 'tbody' does not exist on type 'JSX.IntrinsicElements'.
components/Admin/attendance/AttendanceClient.tsx(1008,29): error TS2339: Property 'table' does not exist on type 'JSX.IntrinsicElements'.
components/Admin/attendance/AttendanceClient.tsx(1009,25): error TS2339: Property 'div' does not exist on type 'JSX.IntrinsicElements'.
components/Admin/attendance/AttendanceClient.tsx(1013,29): error TS2339: Property 'div' does not exist on type 'JSX.IntrinsicElements'.
components/Admin/attendance/AttendanceClient.tsx(1014,33): error TS2339: Property 'button' does not exist on type 'JSX.IntrinsicElements'.
components/Admin/attendance/AttendanceClient.tsx(1019,33): error TS2339: Property 'button' does not exist on type 'JSX.IntrinsicElements'.
components/Admin/attendance/AttendanceClient.tsx(1021,37): error TS2339: Property 'button' does not exist on type 'JSX.IntrinsicElements'.
components/Admin/attendance/AttendanceClient.tsx(1027,37): error TS2339: Property 'button' does not exist on type 'JSX.IntrinsicElements'.
components/Admin/attendance/AttendanceClient.tsx(1029,33): error TS2339: Property 'button' does not exist on type 'JSX.IntrinsicElements'.
components/Admin/attendance/AttendanceClient.tsx(1034,33): error TS2339: Property 'button' does not exist on type 'JSX.IntrinsicElements'.
components/Admin/attendance/AttendanceClient.tsx(1035,29): error TS2339: Property 'div' does not exist on type 'JSX.IntrinsicElements'.
components/Admin/attendance/AttendanceClient.tsx(1037,21): error TS2339: Property 'div' does not exist on type 'JSX.IntrinsicElements'.
components/Admin/attendance/AttendanceClient.tsx(1039,13): error TS2339: Property 'div' does not exist on type 'JSX.IntrinsicElements'.
components/Admin/attendance/AttendanceClient.tsx(1043,17): error TS2339: Property 'div' does not exist on type 'JSX.IntrinsicElements'.
components/Admin/attendance/AttendanceClient.tsx(1044,21): error TS2339: Property 'div' does not exist on type 'JSX.IntrinsicElements'.
components/Admin/attendance/AttendanceClient.tsx(1045,25): error TS2339: Property 'button' does not exist on type 'JSX.IntrinsicElements'.
components/Admin/attendance/AttendanceClient.tsx(1047,25): error TS2339: Property 'button' does not exist on type 'JSX.IntrinsicElements'.
components/Admin/attendance/AttendanceClient.tsx(1048,25): error TS2339: Property 'h2' does not exist on type 'JSX.IntrinsicElements'.
components/Admin/attendance/AttendanceClient.tsx(1048,49): error TS2339: Property 'h2' does not exist on type 'JSX.IntrinsicElements'.
components/Admin/attendance/AttendanceClient.tsx(1049,25): error TS2339: Property 'form' does not exist on type 'JSX.IntrinsicElements'.
components/Admin/attendance/AttendanceClient.tsx(1050,29): error TS2339: Property 'div' does not exist on type 'JSX.IntrinsicElements'.
components/Admin/attendance/AttendanceClient.tsx(1051,33): error TS2339: Property 'label' does not exist on type 'JSX.IntrinsicElements'.
components/Admin/attendance/AttendanceClient.tsx(1051,51): error TS2339: Property 'label' does not exist on type 'JSX.IntrinsicElements'.
components/Admin/attendance/AttendanceClient.tsx(1052,33): error TS2339: Property 'input' does not exist on type 'JSX.IntrinsicElements'.
components/Admin/attendance/AttendanceClient.tsx(1053,29): error TS2339: Property 'div' does not exist on type 'JSX.IntrinsicElements'.
components/Admin/attendance/AttendanceClient.tsx(1054,29): error TS2339: Property 'div' does not exist on type 'JSX.IntrinsicElements'.
components/Admin/attendance/AttendanceClient.tsx(1055,33): error TS2339: Property 'div' does not exist on type 'JSX.IntrinsicElements'.
components/Admin/attendance/AttendanceClient.tsx(1056,37): error TS2339: Property 'label' does not exist on type 'JSX.IntrinsicElements'.
components/Admin/attendance/AttendanceClient.tsx(1056,56): error TS2339: Property 'label' does not exist on type 'JSX.IntrinsicElements'.
components/Admin/attendance/AttendanceClient.tsx(1057,37): error TS2339: Property 'input' does not exist on type 'JSX.IntrinsicElements'.
components/Admin/attendance/AttendanceClient.tsx(1058,33): error TS2339: Property 'div' does not exist on type 'JSX.IntrinsicElements'.
components/Admin/attendance/AttendanceClient.tsx(1059,33): error TS2339: Property 'div' does not exist on type 'JSX.IntrinsicElements'.
components/Admin/attendance/AttendanceClient.tsx(1060,37): error TS2339: Property 'label' does not exist on type 'JSX.IntrinsicElements'.
components/Admin/attendance/AttendanceClient.tsx(1060,49): error TS2339: Property 'label' does not exist on type 'JSX.IntrinsicElements'.
components/Admin/attendance/AttendanceClient.tsx(1061,37): error TS2339: Property 'input' does not exist on type 'JSX.IntrinsicElements'.
components/Admin/attendance/AttendanceClient.tsx(1062,33): error TS2339: Property 'div' does not exist on type 'JSX.IntrinsicElements'.
components/Admin/attendance/AttendanceClient.tsx(1063,29): error TS2339: Property 'div' does not exist on type 'JSX.IntrinsicElements'.
components/Admin/attendance/AttendanceClient.tsx(1064,29): error TS2339: Property 'div' does not exist on type 'JSX.IntrinsicElements'.
components/Admin/attendance/AttendanceClient.tsx(1065,33): error TS2339: Property 'label' does not exist on type 'JSX.IntrinsicElements'.
components/Admin/attendance/AttendanceClient.tsx(1065,66): error TS2339: Property 'label' does not exist on type 'JSX.IntrinsicElements'.
components/Admin/attendance/AttendanceClient.tsx(1066,33): error TS2339: Property 'select' does not exist on type 'JSX.IntrinsicElements'.
components/Admin/attendance/AttendanceClient.tsx(1067,37): error TS2339: Property 'option' does not exist on type 'JSX.IntrinsicElements'.
components/Admin/attendance/AttendanceClient.tsx(1067,67): error TS2339: Property 'option' does not exist on type 'JSX.IntrinsicElements'.
components/Admin/attendance/AttendanceClient.tsx(1068,37): error TS2339: Property 'option' does not exist on type 'JSX.IntrinsicElements'.
components/Admin/attendance/AttendanceClient.tsx(1068,73): error TS2339: Property 'option' does not exist on type 'JSX.IntrinsicElements'.
components/Admin/attendance/AttendanceClient.tsx(1069,37): error TS2339: Property 'option' does not exist on type 'JSX.IntrinsicElements'.
components/Admin/attendance/AttendanceClient.tsx(1069,78): error TS2339: Property 'option' does not exist on type 'JSX.IntrinsicElements'.
components/Admin/attendance/AttendanceClient.tsx(1070,37): error TS2339: Property 'option' does not exist on type 'JSX.IntrinsicElements'.
components/Admin/attendance/AttendanceClient.tsx(1070,68): error TS2339: Property 'option' does not exist on type 'JSX.IntrinsicElements'.
components/Admin/attendance/AttendanceClient.tsx(1071,37): error TS2339: Property 'option' does not exist on type 'JSX.IntrinsicElements'.
components/Admin/attendance/AttendanceClient.tsx(1071,71): error TS2339: Property 'option' does not exist on type 'JSX.IntrinsicElements'.
components/Admin/attendance/AttendanceClient.tsx(1072,37): error TS2339: Property 'option' does not exist on type 'JSX.IntrinsicElements'.
components/Admin/attendance/AttendanceClient.tsx(1072,64): error TS2339: Property 'option' does not exist on type 'JSX.IntrinsicElements'.
components/Admin/attendance/AttendanceClient.tsx(1073,33): error TS2339: Property 'select' does not exist on type 'JSX.IntrinsicElements'.
components/Admin/attendance/AttendanceClient.tsx(1074,29): error TS2339: Property 'div' does not exist on type 'JSX.IntrinsicElements'.
components/Admin/attendance/AttendanceClient.tsx(1075,29): error TS2339: Property 'div' does not exist on type 'JSX.IntrinsicElements'.
components/Admin/attendance/AttendanceClient.tsx(1076,33): error TS2339: Property 'label' does not exist on type 'JSX.IntrinsicElements'.
components/Admin/attendance/AttendanceClient.tsx(1076,56): error TS2339: Property 'label' does not exist on type 'JSX.IntrinsicElements'.
components/Admin/attendance/AttendanceClient.tsx(1077,33): error TS2339: Property 'input' does not exist on type 'JSX.IntrinsicElements'.
components/Admin/attendance/AttendanceClient.tsx(1078,29): error TS2339: Property 'div' does not exist on type 'JSX.IntrinsicElements'.
components/Admin/attendance/AttendanceClient.tsx(1079,29): error TS2339: Property 'div' does not exist on type 'JSX.IntrinsicElements'.
components/Admin/attendance/AttendanceClient.tsx(1080,33): error TS2339: Property 'button' does not exist on type 'JSX.IntrinsicElements'.
components/Admin/attendance/AttendanceClient.tsx(1082,33): error TS2339: Property 'button' does not exist on type 'JSX.IntrinsicElements'.
components/Admin/attendance/AttendanceClient.tsx(1083,33): error TS2339: Property 'button' does not exist on type 'JSX.IntrinsicElements'.
components/Admin/attendance/AttendanceClient.tsx(1086,33): error TS2339: Property 'button' does not exist on type 'JSX.IntrinsicElements'.
components/Admin/attendance/AttendanceClient.tsx(1087,29): error TS2339: Property 'div' does not exist on type 'JSX.IntrinsicElements'.
components/Admin/attendance/AttendanceClient.tsx(1088,25): error TS2339: Property 'form' does not exist on type 'JSX.IntrinsicElements'.
components/Admin/attendance/AttendanceClient.tsx(1089,21): error TS2339: Property 'div' does not exist on type 'JSX.IntrinsicElements'.
components/Admin/attendance/AttendanceClient.tsx(1090,17): error TS2339: Property 'div' does not exist on type 'JSX.IntrinsicElements'.
components/Admin/attendance/AttendanceClient.tsx(1094,17): error TS2339: Property 'div' does not exist on type 'JSX.IntrinsicElements'.
components/Admin/attendance/AttendanceClient.tsx(1095,21): error TS2339: Property 'div' does not exist on type 'JSX.IntrinsicElements'.
components/Admin/attendance/AttendanceClient.tsx(1096,25): error TS2339: Property 'div' does not exist on type 'JSX.IntrinsicElements'.
components/Admin/attendance/AttendanceClient.tsx(1097,29): error TS2339: Property 'div' does not exist on type 'JSX.IntrinsicElements'.
components/Admin/attendance/AttendanceClient.tsx(1098,33): error TS2339: Property 'h3' does not exist on type 'JSX.IntrinsicElements'.
components/Admin/attendance/AttendanceClient.tsx(1098,63): error TS2339: Property 'h3' does not exist on type 'JSX.IntrinsicElements'.
components/Admin/attendance/AttendanceClient.tsx(1099,33): error TS2339: Property 'p' does not exist on type 'JSX.IntrinsicElements'.
components/Admin/attendance/AttendanceClient.tsx(1099,87): error TS2339: Property 'p' does not exist on type 'JSX.IntrinsicElements'.
components/Admin/attendance/AttendanceClient.tsx(1100,29): error TS2339: Property 'div' does not exist on type 'JSX.IntrinsicElements'.
components/Admin/attendance/AttendanceClient.tsx(1101,29): error TS2339: Property 'button' does not exist on type 'JSX.IntrinsicElements'.
components/Admin/attendance/AttendanceClient.tsx(1103,29): error TS2339: Property 'button' does not exist on type 'JSX.IntrinsicElements'.
components/Admin/attendance/AttendanceClient.tsx(1104,25): error TS2339: Property 'div' does not exist on type 'JSX.IntrinsicElements'.
components/Admin/attendance/AttendanceClient.tsx(1106,25): error TS2339: Property 'div' does not exist on type 'JSX.IntrinsicElements'.
components/Admin/attendance/AttendanceClient.tsx(1107,29): error TS2339: Property 'div' does not exist on type 'JSX.IntrinsicElements'.
components/Admin/attendance/AttendanceClient.tsx(1108,33): error TS2339: Property 'div' does not exist on type 'JSX.IntrinsicElements'.
components/Admin/attendance/AttendanceClient.tsx(1109,37): error TS2339: Property 'label' does not exist on type 'JSX.IntrinsicElements'.
components/Admin/attendance/AttendanceClient.tsx(1109,54): error TS2339: Property 'label' does not exist on type 'JSX.IntrinsicElements'.
components/Admin/attendance/AttendanceClient.tsx(1110,37): error TS2339: Property 'input' does not exist on type 'JSX.IntrinsicElements'.
components/Admin/attendance/AttendanceClient.tsx(1116,33): error TS2339: Property 'div' does not exist on type 'JSX.IntrinsicElements'.
components/Admin/attendance/AttendanceClient.tsx(1117,33): error TS2339: Property 'div' does not exist on type 'JSX.IntrinsicElements'.
components/Admin/attendance/AttendanceClient.tsx(1118,37): error TS2339: Property 'label' does not exist on type 'JSX.IntrinsicElements'.
components/Admin/attendance/AttendanceClient.tsx(1118,52): error TS2339: Property 'label' does not exist on type 'JSX.IntrinsicElements'.
components/Admin/attendance/AttendanceClient.tsx(1119,37): error TS2339: Property 'input' does not exist on type 'JSX.IntrinsicElements'.
components/Admin/attendance/AttendanceClient.tsx(1125,33): error TS2339: Property 'div' does not exist on type 'JSX.IntrinsicElements'.
components/Admin/attendance/AttendanceClient.tsx(1126,29): error TS2339: Property 'div' does not exist on type 'JSX.IntrinsicElements'.
components/Admin/attendance/AttendanceClient.tsx(1128,29): error TS2339: Property 'div' does not exist on type 'JSX.IntrinsicElements'.
components/Admin/attendance/AttendanceClient.tsx(1129,33): error TS2339: Property 'button' does not exist on type 'JSX.IntrinsicElements'.
components/Admin/attendance/AttendanceClient.tsx(1137,33): error TS2339: Property 'button' does not exist on type 'JSX.IntrinsicElements'.
components/Admin/attendance/AttendanceClient.tsx(1138,33): error TS2339: Property 'button' does not exist on type 'JSX.IntrinsicElements'.
components/Admin/attendance/AttendanceClient.tsx(1146,33): error TS2339: Property 'button' does not exist on type 'JSX.IntrinsicElements'.
components/Admin/attendance/AttendanceClient.tsx(1147,29): error TS2339: Property 'div' does not exist on type 'JSX.IntrinsicElements'.
components/Admin/attendance/AttendanceClient.tsx(1149,29): error TS2339: Property 'p' does not exist on type 'JSX.IntrinsicElements'.
components/Admin/attendance/AttendanceClient.tsx(1151,29): error TS2339: Property 'p' does not exist on type 'JSX.IntrinsicElements'.
components/Admin/attendance/AttendanceClient.tsx(1152,25): error TS2339: Property 'div' does not exist on type 'JSX.IntrinsicElements'.
components/Admin/attendance/AttendanceClient.tsx(1153,21): error TS2339: Property 'div' does not exist on type 'JSX.IntrinsicElements'.
components/Admin/attendance/AttendanceClient.tsx(1154,17): error TS2339: Property 'div' does not exist on type 'JSX.IntrinsicElements'.
components/Admin/attendance/AttendanceClient.tsx(1156,9): error TS2339: Property 'div' does not exist on type 'JSX.IntrinsicElements'.
